Component: ARM Compiler 5.06 update 6 (build 750) Tool: armlink [4d35ed]

==============================================================================

Section Cross References

    main.o(i.main) refers to _printf_percent.o(.ARM.Collect$$_printf_percent$$00000000) for _printf_percent
    main.o(i.main) refers to _printf_f.o(.ARM.Collect$$_printf_percent$$00000003) for _printf_f
    main.o(i.main) refers to printf1.o(x$fpl$printf1) for _printf_fp_dec
    main.o(i.main) refers to liquidcrystal.o(i.LCD_init) for LCD_init
    main.o(i.main) refers to delay.o(i.delay) for delay
    main.o(i.main) refers to i2c.o(i.i2c_init) for i2c_init
    main.o(i.main) refers to liquidcrystal.o(i.setCursor) for setCursor
    main.o(i.main) refers to liquidcrystal.o(i.LCD_Disp) for LCD_Disp
    main.o(i.main) refers to liquidcrystal.o(i.lcd_clear) for lcd_clear
    main.o(i.main) refers to mpu9250.o(i.MPU9250_beginAccel) for MPU9250_beginAccel
    main.o(i.main) refers to mpu9250.o(i.MPU9250_beginGyro) for MPU9250_beginGyro
    main.o(i.main) refers to mpu9250.o(i.MPU9250_beginMag) for MPU9250_beginMag
    main.o(i.main) refers to mpu9250.o(i.MPU9250_accelUpdate) for MPU9250_accelUpdate
    main.o(i.main) refers to mpu9250.o(i.MPU9250_gyroUpdate) for MPU9250_gyroUpdate
    main.o(i.main) refers to mpu9250.o(i.MPU9250_magUpdate) for MPU9250_magUpdate
    main.o(i.main) refers to mpu9250.o(i.MPU9250_accelX) for MPU9250_accelX
    main.o(i.main) refers to f2d.o(x$fpl$f2d) for __aeabi_f2d
    main.o(i.main) refers to mpu9250.o(i.MPU9250_accelY) for MPU9250_accelY
    main.o(i.main) refers to mpu9250.o(i.MPU9250_accelZ) for MPU9250_accelZ
    main.o(i.main) refers to mpu9250.o(i.MPU9250_gyroX) for MPU9250_gyroX
    main.o(i.main) refers to mpu9250.o(i.MPU9250_gyroY) for MPU9250_gyroY
    main.o(i.main) refers to mpu9250.o(i.MPU9250_gyroZ) for MPU9250_gyroZ
    main.o(i.main) refers to mpu9250.o(i.MPU9250_magX) for MPU9250_magX
    main.o(i.main) refers to mpu9250.o(i.MPU9250_magY) for MPU9250_magY
    main.o(i.main) refers to mpu9250.o(i.MPU9250_magZ) for MPU9250_magZ
    main.o(i.main) refers to mpu9250.o(i.MPU9250_magHorizDirection) for MPU9250_magHorizDirection
    main.o(i.main) refers to noretval__2sprintf.o(.text) for __2sprintf
    main.o(i.main) refers to main.o(.data) for accx
    liquidcrystal.o(i.LCD_Disp) refers to liquidcrystal.o(i.lcd_data) for lcd_data
    liquidcrystal.o(i.LCD_Disp) refers to delay.o(i.delay) for delay
    liquidcrystal.o(i.LCD_init) refers to liquidcrystal.o(i.GPIO_init) for GPIO_init
    liquidcrystal.o(i.LCD_init) refers to liquidcrystal.o(i.lcd_com) for lcd_com
    liquidcrystal.o(i.LCD_init) refers to delay.o(i.delay) for delay
    liquidcrystal.o(i.lcd_clear) refers to liquidcrystal.o(i.lcd_com) for lcd_com
    liquidcrystal.o(i.lcd_clear) refers to delay.o(i.delay) for delay
    liquidcrystal.o(i.lcd_com) refers to liquidcrystal.o(i.lcd_nibble_write) for lcd_nibble_write
    liquidcrystal.o(i.lcd_com) refers to delay.o(i.delay) for delay
    liquidcrystal.o(i.lcd_data) refers to liquidcrystal.o(i.lcd_nibble_write) for lcd_nibble_write
    liquidcrystal.o(i.lcd_nibble_write) refers to delay.o(i.delay) for delay
    liquidcrystal.o(i.setCursor) refers to liquidcrystal.o(i.lcd_com) for lcd_com
    mpu9250.o(i.MPU9250_accelGet) refers to f2d.o(x$fpl$f2d) for __aeabi_f2d
    mpu9250.o(i.MPU9250_accelGet) refers to dmul.o(x$fpl$dmul) for __aeabi_dmul
    mpu9250.o(i.MPU9250_accelGet) refers to ddiv.o(x$fpl$ddiv) for __aeabi_ddiv
    mpu9250.o(i.MPU9250_accelGet) refers to d2f.o(x$fpl$d2f) for __aeabi_d2f
    mpu9250.o(i.MPU9250_accelGet) refers to mpu9250.o(.data) for accelBuf
    mpu9250.o(i.MPU9250_accelSqrt) refers to mpu9250.o(i.MPU9250_accelGet) for MPU9250_accelGet
    mpu9250.o(i.MPU9250_accelSqrt) refers to f2d.o(x$fpl$f2d) for __aeabi_f2d
    mpu9250.o(i.MPU9250_accelSqrt) refers to pow.o(i.__hardfp_pow) for __hardfp_pow
    mpu9250.o(i.MPU9250_accelSqrt) refers to daddsub_clz.o(x$fpl$dadd) for __aeabi_dadd
    mpu9250.o(i.MPU9250_accelSqrt) refers to sqrt.o(i.__hardfp_sqrt) for __hardfp_sqrt
    mpu9250.o(i.MPU9250_accelSqrt) refers to d2f.o(x$fpl$d2f) for __aeabi_d2f
    mpu9250.o(i.MPU9250_accelUpdate) refers to i2c.o(i.i2c_readByte) for i2c_readByte
    mpu9250.o(i.MPU9250_accelUpdate) refers to mpu9250.o(.data) for accelBuf
    mpu9250.o(i.MPU9250_accelX) refers to mpu9250.o(i.MPU9250_accelGet) for MPU9250_accelGet
    mpu9250.o(i.MPU9250_accelY) refers to mpu9250.o(i.MPU9250_accelGet) for MPU9250_accelGet
    mpu9250.o(i.MPU9250_accelZ) refers to mpu9250.o(i.MPU9250_accelGet) for MPU9250_accelGet
    mpu9250.o(i.MPU9250_beginAccel) refers to i2c.o(i.i2c_writeByte) for i2c_writeByte
    mpu9250.o(i.MPU9250_beginAccel) refers to delay.o(i.delay) for delay
    mpu9250.o(i.MPU9250_beginAccel) refers to mpu9250.o(.data) for accelRange
    mpu9250.o(i.MPU9250_beginGyro) refers to i2c.o(i.i2c_writeByte) for i2c_writeByte
[...]
    rt_raise.o(.text) refers to __raise.o(.text) for __raise
    rt_raise.o(.text) refers to sys_exit.o(.text) for _sys_exit
    defsig_exit.o(.text) refers to sys_exit.o(.text) for _sys_exit
    defsig_rtmem_inner.o(.text) refers to defsig_general.o(.text) for __default_signal_display
    __raise.o(.text) refers to defsig.o(CL$$defsig) for __default_signal_handler
    defsig_general.o(.text) refers to sys_wrch.o(.text) for _ttywrch
    sys_wrch.o(.text) refers (Special) to use_no_semi.o(.text) for __I$use$semihosting
    sys_wrch.o(.text) refers (Special) to indicate_semi.o(.text) for __semihosting_library_function
    defsig.o(CL$$defsig) refers to defsig_rtmem_inner.o(.text) for __rt_SIGRTMEM_inner
    defsig_abrt_inner.o(.text) refers to defsig_general.o(.text) for __default_signal_display
    defsig_fpe_inner.o(.text) refers to defsig_general.o(.text) for __default_signal_display
    defsig_rtred_inner.o(.text) refers to defsig_general.o(.text) for __default_signal_display
    defsig_stak_inner.o(.text) refers to defsig_general.o(.text) for __default_signal_display
    defsig_pvfn_inner.o(.text) refers to defsig_general.o(.text) for __default_signal_display
    defsig_cppl_inner.o(.text) refers to defsig_general.o(.text) for __default_signal_display
    defsig_segv_inner.o(.text) refers to defsig_general.o(.text) for __default_signal_display
    defsig_other.o(.text) refers to defsig_general.o(.text) for __default_signal_display


==============================================================================

Removing Unused input sections from the image.

    Removing main.o(.rev16_text), (4 bytes).
    Removing main.o(.revsh_text), (4 bytes).
    Removing main.o(.rrx_text), (6 bytes).
    Removing i2c.o(.rev16_text), (4 bytes).
    Removing i2c.o(.revsh_text), (4 bytes).
    Removing i2c.o(.rrx_text), (6 bytes).
    Removing i2c.o(i.i2c_WriteMulti), (176 bytes).
    Removing liquidcrystal.o(.rev16_text), (4 bytes).
    Removing liquidcrystal.o(.revsh_text), (4 bytes).
    Removing liquidcrystal.o(.rrx_text), (6 bytes).
    Removing liquidcrystal.o(.bss), (16 bytes).
    Removing liquidcrystal.o(.data), (20 bytes).
    Removing mpu9250.o(.rev16_text), (4 bytes).
    Removing mpu9250.o(.revsh_text), (4 bytes).
    Removing mpu9250.o(.rrx_text), (6 bytes).
    Removing mpu9250.o(i.MPU9250_accelSqrt), (220 bytes).
    Removing delay.o(.rev16_text), (4 bytes).
    Removing delay.o(.revsh_text), (4 bytes).
    Removing delay.o(.rrx_text), (6 bytes).
    Removing system_stm32f4xx.o(.rev16_text), (4 bytes).
    Removing system_stm32f4xx.o(.revsh_text), (4 bytes).
    Removing system_stm32f4xx.o(.rrx_text), (6 bytes).
    Removing system_stm32f4xx.o(i.SystemCoreClockUpdate), (192 bytes).
    Removing system_stm32f4xx.o(.constdata), (24 bytes).
    Removing system_stm32f4xx.o(.data), (4 bytes).

25 unused section(s) (total 736 bytes) removed from the image.

==============================================================================

Image Symbol Table

    Local Symbols

    Symbol Name                              Value     Ov Type        Size  Object(Section)

    ../clib/angel/boardlib.s                 0x00000000   Number         0  boardinit2.o ABSOLUTE
    ../clib/angel/boardlib.s                 0x00000000   Number         0  boardshut.o ABSOLUTE
    ../clib/angel/boardlib.s                 0x00000000   Number         0  boardinit1.o ABSOLUTE
    ../clib/angel/boardlib.s                 0x00000000   Number         0  boardinit3.o ABSOLUTE
    ../clib/angel/handlers.s                 0x00000000   Number         0  __scatter_copy.o ABSOLUTE
    ../clib/angel/handlers.s                 0x00000000   Number         0  __scatter_zi.o ABSOLUTE
    ../clib/angel/kernel.s                   0x00000000   Number         0  __rtentry4.o ABSOLUTE
    ../clib/angel/kernel.s                   0x00000000   Number         0  __rtentry2.o ABSOLUTE
    ../clib/angel/kernel.s                   0x00000000   Number         0  __rtentry.o ABSOLUTE
    ../clib/angel/kernel.s                   0x00000000   Number         0  rtexit.o ABSOLUTE
    ../clib/angel/kernel.s                   0x00000000   Number         0  rtexit2.o ABSOLUTE
    ../clib/angel/rt.s                       0x00000000   Number         0  rt_errno_addr_intlibspace.o ABSOLUTE
    ../clib/angel/rt.s                       0x00000000   Number         0  rt_errno_addr.o ABSOLUTE
    ../clib/angel/rt.s                       0x00000000   Number         0  rt_raise.o ABSOLUTE
    ../clib/angel/rt.s                       0x00000000   Number         0  rt_locale_intlibspace.o ABSOLUTE
    ../clib/angel/rt.s                       0x00000000   Number         0  rt_locale.o ABSOLUTE
    ../clib/angel/scatter.s                  0x00000000   Number         0  __scatter.o ABSOLUTE
    ../clib/angel/startup.s                  0x00000000   Number         0  __main.o ABSOLUTE
    ../clib/angel/sys.s                      0x00000000   Number         0  sys_stackheap_outer.o ABSOLUTE
    ../clib/angel/sys.s                      0x00000000   Number         0  indicate_semi.o ABSOLUTE
    ../clib/angel/sys.s                      0x00000000   Number         0  libspace.o ABSOLUTE
    ../clib/angel/sys.s                      0x00000000   Number         0  use_no_semi.o ABSOLUTE
    ../clib/angel/sysapp.c                   0x00000000   Number         0  sys_wrch.o ABSOLUTE
    ../clib/angel/sysapp.c                   0x00000000   Number         0  sys_exit.o ABSOLUTE
    ../clib/angel/sysapp.c                   0x00000000   Number         0  sys_command.o ABSOLUTE
    ../clib/armsys.c                         0x00000000   Number         0  no_argv.o ABSOLUTE
    ../clib/armsys.c                         0x00000000   Number         0  _get_argv_nomalloc.o ABSOLUTE
    ../clib/armsys.c                         0x00000000   Number         0  argv_veneer.o ABSOLUTE
    ../clib/armsys.c                         0x00000000   Number         0  argv_veneer.o ABSOLUTE
    ../clib/bigflt.c                         0x00000000   Number         0  bigflt0.o ABSOLUTE
    ../clib/btod.s                           0x00000000   Number         0  btod.o ABSOLUTE
    ../clib/fenv.c                           0x00000000   Number         0  _rserrno.o ABSOLUTE
    ../clib/heapalloc.c                      0x00000000   Number         0  hrguard.o ABSOLUTE
    ../clib/heapaux.c                        0x00000000   Number         0  heapauxi.o ABSOLUTE
    ../clib/libinit.s                        0x00000000   Number         0  libinit.o ABSOLUTE
    ../clib/libinit.s                        0x00000000   Number         0  libinit2.o ABSOLUTE
    ../clib/libinit.s                        0x00000000   Number         0  libshutdown2.o ABSOLUTE
    ../clib/libinit.s                        0x00000000   Number         0  libshutdown.o ABSOLUTE
    ../clib/locale.s                         0x00000000   Number         0  lc_numeric_c.o ABSOLUTE
    ../clib/longlong.s                       0x00000000   Number         0  lludiv10.o ABSOLUTE
    ../clib/memcpset.s                       0x00000000   Number         0  strcmpv7m.o ABSOLUTE
    ../clib/misc.s                           0x00000000   Number         0  printf_stubs.o ABSOLUTE
    ../clib/printf.c                         0x00000000   Number         0  _printf_char_common.o ABSOLUTE
    ../clib/printf.c                         0x00000000   Number         0  _printf_fp_dec.o ABSOLUTE
    ../clib/printf.c                         0x00000000   Number         0  __printf_ss.o ABSOLUTE
    ../clib/printf.c                         0x00000000   Number         0  __2sprintf.o ABSOLUTE
    ../clib/printf.c                         0x00000000   Number         0  __printf_wp.o ABSOLUTE
    ../clib/printf.c                         0x00000000   Number         0  __printf_flags_ss_wp.o ABSOLUTE
    ../clib/printf.c                         0x00000000   Number         0  __printf_ss_wp.o ABSOLUTE
    ../clib/printf.c                         0x00000000   Number         0  __printf_flags_wp.o ABSOLUTE
    ../clib/printf.c                         0x00000000   Number         0  __printf_flags.o ABSOLUTE
    ../clib/printf.c                         0x00000000   Number         0  noretval__2sprintf.o ABSOLUTE
    ../clib/printf.c                         0x00000000   Number         0  _printf_fp_infnan.o ABSOLUTE
    ../clib/printf.c                         0x00000000   Number         0  __printf_flags_ss.o ABSOLUTE
    ../clib/printf.c                         0x00000000   Number         0  __printf.o ABSOLUTE
    ../clib/printf.c                         0x00000000   Number         0  _sputc.o ABSOLUTE
    ../clib/printf.c                         0x00000000   Number         0  __printf_nopercent.o ABSOLUTE
    ../clib/printf_percent.s                 0x00000000   Number         0  _printf_percent.o ABSOLUTE
    ../clib/printf_percent.s                 0x00000000   Number         0  _printf_percent_end.o ABSOLUTE
    ../clib/printf_percent.s                 0x00000000   Number         0  _printf_f.o ABSOLUTE
    ../clib/signal.c                         0x00000000   Number         0  defsig_rtred_inner.o ABSOLUTE
    ../clib/signal.c                         0x00000000   Number         0  defsig_fpe_inner.o ABSOLUTE
    ../clib/signal.c                         0x00000000   Number         0  defsig_abrt_inner.o ABSOLUTE
    ../clib/signal.c                         0x00000000   Number         0  __raise.o ABSOLUTE
    ../clib/signal.c                         0x00000000   Number         0  defsig_rtmem_inner.o ABSOLUTE
    ../clib/signal.c                         0x00000000   Number         0  defsig_exit.o ABSOLUTE
    ../clib/signal.c                         0x00000000   Number         0  defsig_general.o ABSOLUTE
    ../clib/signal.c                         0x00000000   Number         0  defsig_rtmem_formal.o ABSOLUTE
    ../clib/signal.c                         0x00000000   Number         0  defsig_rtmem_outer.o ABSOLUTE
    ../clib/signal.c                         0x00000000   Number         0  defsig_other.o ABSOLUTE
    ../clib/signal.c                         0x00000000   Number         0  defsig_segv_inner.o ABSOLUTE
    ../clib/signal.c                         0x00000000   Number         0  defsig_cppl_inner.o ABSOLUTE
    ../clib/signal.c                         0x00000000   Number         0  defsig_pvfn_inner.o ABSOLUTE
    ../clib/signal.c                         0x00000000   Number         0  defsig_stak_inner.o ABSOLUTE
    ../clib/signal.s                         0x00000000   Number         0  defsig.o ABSOLUTE
    ../clib/stdlib.c                         0x00000000   Number         0  exit.o ABSOLUTE
    ../fplib/basic.s                         0x00000000   Number         0  basic.o ABSOLUTE
    ../fplib/d2f.s                           0x00000000   Number         0  d2f.o ABSOLUTE
    ../fplib/daddsub.s                       0x00000000   Number         0  daddsub_clz.o ABSOLUTE
    ../fplib/dcheck1.s                       0x00000000   Number         0  dcheck1.o ABSOLUTE
    ../fplib/dcmpi.s                         0x00000000   Number         0  dcmpi.o ABSOLUTE
    ../fplib/ddiv.s                          0x00000000   Number         0  ddiv.o ABSOLUTE
    ../fplib/dflt.s                          0x00000000   Number         0  dflt_clz.o ABSOLUTE
    ../fplib/dleqf.s                         0x00000000   Number         0  dleqf.o ABSOLUTE
    ../fplib/dmul.s                          0x00000000   Number         0  dmul.o ABSOLUTE
    ../fplib/dnaninf.s                       0x00000000   Number         0  dnaninf.o ABSOLUTE
    ../fplib/dretinf.s                       0x00000000   Number         0  dretinf.o ABSOLUTE
    ../fplib/drleqf.s                        0x00000000   Number         0  drleqf.o ABSOLUTE
    ../fplib/dsqrt.s                         0x00000000   Number         0  dsqrt_umaal.o ABSOLUTE
    ../fplib/f2d.s                           0x00000000   Number         0  f2d.o ABSOLUTE
    ../fplib/fnaninf.s                       0x00000000   Number         0  fnaninf.o ABSOLUTE
    ../fplib/fpinit.s                        0x00000000   Number         0  fpinit.o ABSOLUTE
    ../fplib/fretinf.s                       0x00000000   Number         0  fretinf.o ABSOLUTE
    ../fplib/istatus.s                       0x00000000   Number         0  istatus.o ABSOLUTE
    ../fplib/printf1.s                       0x00000000   Number         0  printf1.o ABSOLUTE
    ../fplib/retnan.s                        0x00000000   Number         0  retnan.o ABSOLUTE
    ../fplib/scalbn.s                        0x00000000   Number         0  scalbn.o ABSOLUTE
    ../fplib/trapv.s                         0x00000000   Number         0  trapv.o ABSOLUTE
    ../fplib/usenofp.s                       0x00000000   Number         0  usenofp.o ABSOLUTE
    ../mathlib/atan.c                        0x00000000   Number         0  atan_x.o ABSOLUTE
    ../mathlib/atan.c                        0x00000000   Number         0  atan.o ABSOLUTE
    ../mathlib/atan2.c                       0x00000000   Number         0  atan2.o ABSOLUTE
    ../mathlib/atan2.c                       0x00000000   Number         0  atan2_x.o ABSOLUTE
    ../mathlib/dunder.c                      0x00000000   Number         0  dunder.o ABSOLUTE
    ../mathlib/fabs.c                        0x00000000   Number         0  fabs.o ABSOLUTE
    ../mathlib/fpclassify.c                  0x00000000   Number         0  fpclassify.o ABSOLUTE
    ../mathlib/poly.c                        0x00000000   Number         0  poly.o ABSOLUTE
    ../mathlib/pow.c                         0x00000000   Number         0  pow_x.o ABSOLUTE
    ../mathlib/pow.c                         0x00000000   Number         0  pow.o ABSOLUTE
    ../mathlib/qnan.c                        0x00000000   Number         0  qnan.o ABSOLUTE
    ../mathlib/sqrt.c                        0x00000000   Number         0  sqrt.o ABSOLUTE
    ../mathlib/sqrt.c                        0x00000000   Number         0  sqrt_x.o ABSOLUTE
    LiquidCrystal.c                          0x00000000   Number         0  liquidcrystal.o ABSOLUTE
    LiquidCrystal.c                          0x00000000   Number         0  liquidcrystal.o ABSOLUTE
    MPU9250.c                                0x00000000   Number         0  mpu9250.o ABSOLUTE
    MPU9250.c                                0x00000000   Number         0  mpu9250.o ABSOLUTE
    RTE\Device\STM32F407VETx\startup_stm32f407xx.s 0x00000000   Number         0  startup_stm32f407xx.o ABSOLUTE
    RTE\Device\STM32F407VETx\system_stm32f4xx.c 0x00000000   Number         0  system_stm32f4xx.o ABSOLUTE
    RTE\\Device\\STM32F407VETx\\system_stm32f4xx.c 0x00000000   Number         0  system_stm32f4xx.o ABSOLUTE
    dc.s                                     0x00000000   Number         0  dc.o ABSOLUTE
    delay.c                                  0x00000000   Number         0  delay.o ABSOLUTE
    delay.c                                  0x00000000   Number         0  delay.o ABSOLUTE
    i2c.c                                    0x00000000   Number         0  i2c.o ABSOLUTE
    i2c.c                                    0x00000000   Number         0  i2c.o ABSOLUTE
    main.c                                   0x00000000   Number         0  main.o ABSOLUTE
    main.c                                   0x00000000   Number         0  main.o ABSOLUTE
    RESET                                    0x08000000   Section      392  startup_stm32f407xx.o(RESET)
    !!!main                                  0x08000188   Section        8  __main.o(!!!main)
    !!!scatter                               0x08000190   Section       52  __scatter.o(!!!scatter)
    !!handler_copy                           0x080001c4   Section       26  __scatter_copy.o(!!handler_copy)
    !!handler_zi                             0x080001e0   Section       28  __scatter_zi.o(!!handler_zi)
    .ARM.Collect$$_printf_percent$$00000000  0x080001fc   Section        0  _printf_percent.o(.ARM.Collect$$_printf_percent$$00000000)
    .ARM.Collect$$_printf_percent$$00000003  0x080001fc   Section        6  _printf_f.o(.ARM.Collect$$_printf_percent$$00000003)
    .ARM.Collect$$_printf_percent$$00000017  0x08000202   Section        4  _printf_percent_end.o(.ARM.Collect$$_printf_percent$$00000017)
    .ARM.Collect$$libinit$$00000000          0x08000206   Section        2  libinit.o(.ARM.Collect$$libinit$$00000000)
    .ARM.Collect$$libinit$$00000001          0x08000208   Section        4  libinit2.o(.ARM.Collect$$libinit$$00000001)
    .ARM.Collect$$libinit$$00000004          0x0800020c   Section        0  libinit2.o(.ARM.Collect$$libinit$$00000004)
    .ARM.Collect$$libinit$$0000000A          0x0800020c   Section        0  libinit2.o(.ARM.Collect$$libinit$$0000000A)
    .ARM.Collect$$libinit$$0000000C          0x0800020c   Section        0  libinit2.o(.ARM.Collect$$libinit$$0000000C)
    .ARM.Collect$$libinit$$0000000E          0x0800020c   Section        0  libinit2.o(.ARM.Collect$$libinit$$0000000E)
    .ARM.Collect$$libinit$$0000000F          0x0800020c   Section        6  libinit2.o(.ARM.Collect$$libinit$$0000000F)
    .ARM.Collect$$libinit$$00000011          0x08000212   Section        0  libinit2.o(.ARM.Collect$$libinit$$00000011)
    .ARM.Collect$$libinit$$00000013          0x08000212   Section        0  libinit2.o(.ARM.Collect$$libinit$$00000013)
    .ARM.Collect$$libinit$$00000015          0x08000212   Section        0  libinit2.o(.ARM.Collect$$libinit$$00000015)
    .ARM.Collect$$libinit$$00000016          0x08000212   Section       10  libinit2.o(.ARM.Collect$$libinit$$00000016)
    .ARM.Collect$$libinit$$00000017          0x0800021c   Section        0  libinit2.o(.ARM.Collect$$libinit$$00000017)
    .ARM.Collect$$libinit$$00000019          0x0800021c   Section        0  libinit2.o(.ARM.Collect$$libinit$$00000019)
    .ARM.Collect$$libinit$$0000001B          0x0800021c   Section        0  libinit2.o(.ARM.Collect$$libinit$$0000001B)
    .ARM.Collect$$libinit$$0000001D          0x0800021c   Section        0  libinit2.o(.ARM.Collect$$libinit$$0000001D)
    .ARM.Collect$$libinit$$0000001F          0x0800021c   Section        0  libinit2.o(.ARM.Collect$$libinit$$0000001F)
    .ARM.Collect$$libinit$$00000021          0x0800021c   Section        0  libinit2.o(.ARM.Collect$$libinit$$00000021)
    .ARM.Collect$$libinit$$00000023          0x0800021c   Section        0  libinit2.o(.ARM.Collect$$libinit$$00000023)
    .ARM.Collect$$libinit$$00000025          0x0800021c   Section        0  libinit2.o(.ARM.Collect$$libinit$$00000025)
    .ARM.Collect$$libinit$$0000002C          0x0800021c   Section        0  libinit2.o(.ARM.Collect$$libinit$$0000002C)
    .ARM.Collect$$libinit$$0000002E          0x0800021c   Section        0  libinit2.o(.ARM.Collect$$libinit$$0000002E)
    .ARM.Collect$$libinit$$00000030          0x0800021c   Section        0  libinit2.o(.ARM.Collect$$libinit$$00000030)
    .ARM.Collect$$libinit$$00000032          0x0800021c   Section        0  libinit2.o(.ARM.Collect$$libinit$$00000032)
    .ARM.Collect$$libinit$$00000033          0x0800021c   Section        2  libinit2.o(.ARM.Collect$$libinit$$00000033)
    .ARM.Collect$$libshutdown$$00000000      0x0800021e   Section        2  libshutdown.o(.ARM.Collect$$libshutdown$$00000000)
    .ARM.Collect$$libshutdown$$00000002      0x08000220   Section        0  libshutdown2.o(.ARM.Collect$$libshutdown$$00000002)
    .ARM.Collect$$libshutdown$$00000004      0x08000220   Section        0  libshutdown2.o(.ARM.Collect$$libshutdown$$00000004)
    .ARM.Collect$$libshutdown$$00000007      0x08000220   Section        0  libshutdown2.o(.ARM.Collect$$libshutdown$$00000007)
    .ARM.Collect$$libshutdown$$0000000A      0x08000220   Section        0  libshutdown2.o(.ARM.Collect$$libshutdown$$0000000A)
    .ARM.Collect$$libshutdown$$0000000C      0x08000220   Section        0  libshutdown2.o(.ARM.Collect$$libshutdown$$0000000C)
    .ARM.Collect$$libshutdown$$0000000F      0x08000220   Section        0  libshutdown2.o(.ARM.Collect$$libshutdown$$0000000F)
    .ARM.Collect$$libshutdown$$00000010      0x08000220   Section        2  libshutdown2.o(.ARM.Collect$$libshutdown$$00000010)
    .ARM.Collect$$rtentry$$00000000          0x08000222   Section        0  __rtentry.o(.ARM.Collect$$rtentry$$00000000)
    .ARM.Collect$$rtentry$$00000002          0x08000222   Section        0  __rtentry2.o(.ARM.Collect$$rtentry$$00000002)
    .ARM.Collect$$rtentry$$00000004          0x08000222   Section        6  __rtentry4.o(.ARM.Collect$$rtentry$$00000004)
    .ARM.Collect$$rtentry$$00000009          0x08000228   Section        0  __rtentry2.o(.ARM.Collect$$rtentry$$00000009)
    .ARM.Collect$$rtentry$$0000000A          0x08000228   Section        4  __rtentry2.o(.ARM.Collect$$rtentry$$0000000A)
    .ARM.Collect$$rtentry$$0000000C          0x0800022c   Section        0  __rtentry2.o(.ARM.Collect$$rtentry$$0000000C)
    .ARM.Collect$$rtentry$$0000000D          0x0800022c   Section        8  __rtentry2.o(.ARM.Collect$$rtentry$$0000000D)
    .ARM.Collect$$rtexit$$00000000           0x08000234   Section        2  rtexit.o(.ARM.Collect$$rtexit$$00000000)
    .ARM.Collect$$rtexit$$00000002           0x08000236   Section        0  rtexit2.o(.ARM.Collect$$rtexit$$00000002)
    .ARM.Collect$$rtexit$$00000003           0x08000236   Section        4  rtexit2.o(.ARM.Collect$$rtexit$$00000003)
    .ARM.Collect$$rtexit$$00000004           0x0800023a   Section        6  rtexit2.o(.ARM.Collect$$rtexit$$00000004)
    .text                                    0x08000240   Section       64  startup_stm32f407xx.o(.text)
    $v0                                      0x08000240   Number         0  startup_stm32f407xx.o(.text)
    .text                                    0x08000280   Section        0  noretval__2sprintf.o(.text)
    .text                                    0x080002a8   Section        0  __printf_wp.o(.text)
    .text                                    0x080003b6   Section        0  heapauxi.o(.text)
    .text                                    0x080003bc   Section        0  _printf_fp_dec.o(.text)
    _fp_digits                               0x080003bf   Thumb Code   432  _printf_fp_dec.o(.text)
    .text                                    0x080007dc   Section        0  _printf_char_common.o(.text)
    _printf_input_char                       0x080007dd   Thumb Code    10  _printf_char_common.o(.text)
    .text                                    0x0800080c   Section        0  _sputc.o(.text)
    .text                                    0x08000818   Section        8  rt_locale_intlibspace.o(.text)
    .text                                    0x08000820   Section      138  lludiv10.o(.text)
    .text                                    0x080008ac   Section        0  _printf_fp_infnan.o(.text)
    .text                                    0x0800092c   Section        0  bigflt0.o(.text)
    .text                                    0x08000a10   Section        8  libspace.o(.text)
    .text                                    0x08000a18   Section       74  sys_stackheap_outer.o(.text)
    .text                                    0x08000a62   Section        0  exit.o(.text)
    .text                                    0x08000a74   Section      128  strcmpv7m.o(.text)
    .text                                    0x08000af4   Section        0  sys_exit.o(.text)
    .text                                    0x08000b00   Section        2  use_no_semi.o(.text)
    .text                                    0x08000b02   Section        0  indicate_semi.o(.text)
    CL$$btod_d2e                             0x08000b02   Section       62  btod.o(CL$$btod_d2e)
    CL$$btod_d2e_denorm_low                  0x08000b40   Section       70  btod.o(CL$$btod_d2e_denorm_low)
    CL$$btod_d2e_norm_op1                    0x08000b86   Section       96  btod.o(CL$$btod_d2e_norm_op1)
    CL$$btod_div_common                      0x08000be6   Section      824  btod.o(CL$$btod_div_common)
    CL$$btod_e2e                             0x08000f1e   Section      220  btod.o(CL$$btod_e2e)
    CL$$btod_ediv                            0x08000ffa   Section       42  btod.o(CL$$btod_ediv)
    CL$$btod_emul                            0x08001024   Section       42  btod.o(CL$$btod_emul)
    CL$$btod_mult_common                     0x0800104e   Section      580  btod.o(CL$$btod_mult_common)
    i.GPIO_init                              0x08001294   Section        0  liquidcrystal.o(i.GPIO_init)
    i.LCD_Disp                               0x080012cc   Section        0  liquidcrystal.o(i.LCD_Disp)
    i.LCD_init                               0x080012e8   Section        0  liquidcrystal.o(i.LCD_init)
    i.MPU9250_accelGet                       0x08001338   Section        0  mpu9250.o(i.MPU9250_accelGet)
    i.MPU9250_accelUpdate                    0x080013ac   Section        0  mpu9250.o(i.MPU9250_accelUpdate)
    i.MPU9250_accelX                         0x080013fc   Section        0  mpu9250.o(i.MPU9250_accelX)
    i.MPU9250_accelY                         0x08001408   Section        0  mpu9250.o(i.MPU9250_accelY)
    i.MPU9250_accelZ                         0x08001414   Section        0  mpu9250.o(i.MPU9250_accelZ)
    i.MPU9250_beginAccel                     0x08001420   Section        0  mpu9250.o(i.MPU9250_beginAccel)
    i.MPU9250_beginGyro                      0x080014a0   Section        0  mpu9250.o(i.MPU9250_beginGyro)
    i.MPU9250_beginMag                       0x08001520   Section        0  mpu9250.o(i.MPU9250_beginMag)
    i.MPU9250_gyroGet                        0x08001544   Section        0  mpu9250.o(i.MPU9250_gyroGet)
    i.MPU9250_gyroUpdate                     0x080015b8   Section        0  mpu9250.o(i.MPU9250_gyroUpdate)
    i.MPU9250_gyroX                          0x08001608   Section        0  mpu9250.o(i.MPU9250_gyroX)
    i.MPU9250_gyroY                          0x08001614   Section        0  mpu9250.o(i.MPU9250_gyroY)
    i.MPU9250_gyroZ                          0x08001620   Section        0  mpu9250.o(i.MPU9250_gyroZ)
    i.MPU9250_magGet                         0x0800162c   Section        0  mpu9250.o(i.MPU9250_magGet)
    i.MPU9250_magHorizDirection              0x08001644   Section        0  mpu9250.o(i.MPU9250_magHorizDirection)
    i.MPU9250_magUpdate                      0x080016cc   Section        0  mpu9250.o(i.MPU9250_magUpdate)
    i.MPU9250_magX                           0x08001728   Section        0  mpu9250.o(i.MPU9250_magX)
    i.MPU9250_magY                           0x0800175c   Section        0  mpu9250.o(i.MPU9250_magY)
    i.MPU9250_magZ                           0x08001790   Section        0  mpu9250.o(i.MPU9250_magZ)
    i.SystemInit                             0x080017c4   Section        0  system_stm32f4xx.o(i.SystemInit)
    i.__ARM_fpclassify                       0x08001828   Section        0  fpclassify.o(i.__ARM_fpclassify)
    i.__hardfp_atan                          0x08001858   Section        0  atan.o(i.__hardfp_atan)
    i.__hardfp_atan2                         0x08001b30   Section        0  atan2.o(i.__hardfp_atan2)
    i.__kernel_poly                          0x08001d20   Section        0  poly.o(i.__kernel_poly)
    i.__mathlib_dbl_infnan                   0x08001e18   Section        0  dunder.o(i.__mathlib_dbl_infnan)
    i.__mathlib_dbl_infnan2                  0x08001e2c   Section        0  dunder.o(i.__mathlib_dbl_infnan2)
    i.__mathlib_dbl_underflow                0x08001e40   Section        0  dunder.o(i.__mathlib_dbl_underflow)
    i._is_digit                              0x08001e60   Section        0  __printf_wp.o(i._is_digit)
    i.adjustMagValue                         0x08001e70   Section        0  mpu9250.o(i.adjustMagValue)
    i.atan                                   0x08001f14   Section        0  atan.o(i.atan)
    i.delay                                  0x08001f24   Section        0  delay.o(i.delay)
    i.fabs                                   0x08001f5a   Section        0  fabs.o(i.fabs)
    i.i2c_init                               0x08001f74   Section        0  i2c.o(i.i2c_init)
    i.i2c_readByte                           0x08001ffc   Section        0  i2c.o(i.i2c_readByte)
    i.i2c_writeByte                          0x080020f0   Section        0  i2c.o(i.i2c_writeByte)
    i.lcd_clear                              0x08002190   Section        0  liquidcrystal.o(i.lcd_clear)
    i.lcd_com                                0x080021a0   Section        0  liquidcrystal.o(i.lcd_com)
    i.lcd_data                               0x080021cc   Section        0  liquidcrystal.o(i.lcd_data)
    i.lcd_nibble_write                       0x080021e8   Section        0  liquidcrystal.o(i.lcd_nibble_write)
    i.magEnableSlaveMode                     0x0800223c   Section        0  mpu9250.o(i.magEnableSlaveMode)
    i.magReadAdjustValues                    0x08002268   Section        0  mpu9250.o(i.magReadAdjustValues)
    i.magSetMode                             0x080022c0   Section        0  mpu9250.o(i.magSetMode)
    i.magWakeup                              0x080022d6   Section        0  mpu9250.o(i.magWakeup)
    i.main                                   0x08002300   Section        0  main.o(i.main)
    i.setCursor                              0x08002694   Section        0  liquidcrystal.o(i.setCursor)
    locale$$code                             0x080026e0   Section       44  lc_numeric_c.o(locale$$code)
    x$fpl$basic                              0x0800270c   Section       24  basic.o(x$fpl$basic)
    $v0                                      0x0800270c   Number         0  basic.o(x$fpl$basic)
    x$fpl$d2f                                0x08002724   Section       98  d2f.o(x$fpl$d2f)
    $v0                                      0x08002724   Number         0  d2f.o(x$fpl$d2f)
    x$fpl$dadd                               0x08002788   Section      336  daddsub_clz.o(x$fpl$dadd)
    $v0                                      0x08002788   Number         0  daddsub_clz.o(x$fpl$dadd)
    _dadd1                                   0x08002799   Thumb Code     0  daddsub_clz.o(x$fpl$dadd)
    x$fpl$ddiv                               0x080028d8   Section      688  ddiv.o(x$fpl$ddiv)
    $v0                                      0x080028d8   Number         0  ddiv.o(x$fpl$ddiv)
    ddiv_entry                               0x080028df   Thumb Code     0  ddiv.o(x$fpl$ddiv)
    x$fpl$dmul                               0x08002b88   Section      340  dmul.o(x$fpl$dmul)
    $v0                                      0x08002b88   Number         0  dmul.o(x$fpl$dmul)
    x$fpl$dnaninf                            0x08002cdc   Section      156  dnaninf.o(x$fpl$dnaninf)
    $v0                                      0x08002cdc   Number         0  dnaninf.o(x$fpl$dnaninf)
    x$fpl$dretinf                            0x08002d78   Section       12  dretinf.o(x$fpl$dretinf)
    $v0                                      0x08002d78   Number         0  dretinf.o(x$fpl$dretinf)
    x$fpl$drsb                               0x08002d84   Section       22  daddsub_clz.o(x$fpl$drsb)
    $v0                                      0x08002d84   Number         0  daddsub_clz.o(x$fpl$drsb)
    x$fpl$dsub                               0x08002d9c   Section      468  daddsub_clz.o(x$fpl$dsub)
    $v0                                      0x08002d9c   Number         0  daddsub_clz.o(x$fpl$dsub)
    _dsub1                                   0x08002dad   Thumb Code     0  daddsub_clz.o(x$fpl$dsub)
    x$fpl$f2d                                0x08002f70   Section       86  f2d.o(x$fpl$f2d)
    $v0                                      0x08002f70   Number         0  f2d.o(x$fpl$f2d)
    x$fpl$fnaninf                            0x08002fc6   Section      140  fnaninf.o(x$fpl$fnaninf)
    $v0                                      0x08002fc6   Number         0  fnaninf.o(x$fpl$fnaninf)
    x$fpl$fpinit                             0x08003052   Section       10  fpinit.o(x$fpl$fpinit)
    $v0                                      0x08003052   Number         0  fpinit.o(x$fpl$fpinit)
    x$fpl$fretinf                            0x0800305c   Section       10  fretinf.o(x$fpl$fretinf)
    $v0                                      0x0800305c   Number         0  fretinf.o(x$fpl$fretinf)
    x$fpl$printf1                            0x08003066   Section        4  printf1.o(x$fpl$printf1)
    $v0                                      0x08003066   Number         0  printf1.o(x$fpl$printf1)
    x$fpl$usenofp                            0x0800306a   Section        0  usenofp.o(x$fpl$usenofp)
    .constdata                               0x08003070   Section      152  atan.o(.constdata)
    atanhi                                   0x08003070   Data          32  atan.o(.constdata)
    atanlo                                   0x08003090   Data          32  atan.o(.constdata)
    aTodd                                    0x080030b0   Data          40  atan.o(.constdata)
    aTeven                                   0x080030d8   Data          48  atan.o(.constdata)
    .constdata                               0x08003108   Section        8  qnan.o(.constdata)
    .constdata                               0x08003110   Section      148  bigflt0.o(.constdata)
    tenpwrs_x                                0x08003110   Data          60  bigflt0.o(.constdata)
    tenpwrs_i                                0x0800314c   Data          64  bigflt0.o(.constdata)
    locale$$data                             0x080031c4   Section       28  lc_numeric_c.o(locale$$data)
    __lcnum_c_name                           0x080031c8   Data           2  lc_numeric_c.o(locale$$data)
    __lcnum_c_start                          0x080031d0   Data           0  lc_numeric_c.o(locale$$data)
    __lcnum_c_point                          0x080031dc   Data           0  lc_numeric_c.o(locale$$data)
    __lcnum_c_thousands                      0x080031de   Data           0  lc_numeric_c.o(locale$$data)
    __lcnum_c_grouping                       0x080031df   Data           0  lc_numeric_c.o(locale$$data)
    __lcnum_c_end                            0x080031e0   Data           0  lc_numeric_c.o(locale$$data)
    .data                                    0x20000000   Section      148  main.o(.data)
    .data                                    0x20000098   Section       50  mpu9250.o(.data)
    .bss                                     0x200000cc   Section       96  libspace.o(.bss)
    HEAP                                     0x20000130   Section      512  startup_stm32f407xx.o(HEAP)
    Heap_Mem                                 0x20000130   Data         512  startup_stm32f407xx.o(HEAP)
    STACK                                    0x20000330   Section     1024  startup_stm32f407xx.o(STACK)
    Stack_Mem                                0x20000330   Data        1024  startup_stm32f407xx.o(STACK)
    __initial_sp                             0x20000730   Data           0  startup_stm32f407xx.o(STACK)

    Global Symbols

    Symbol Name                              Value     Ov Type        Size  Object(Section)

    BuildAttributes$$THM_ISAv4$E$P$D$K$B$S$7EM$VFPi3$EXTD16$VFPS$VFMA$PE$A:L22UL41UL21$X:L11$S22US41US21$IEEE1$IW$USESV6$~STKCKD$USESV7$~SHL$OTIME$ROPI$IEEEX$EBA8$UX$STANDARDLIB$REQ8$PRES8$EABIv2 0x00000000   Number         0  anon$$obj.o ABSOLUTE
    __ARM_use_no_argv                        0x00000000   Number         0  main.o ABSOLUTE
    _printf_flags                            0x00000000   Number         0  printf_stubs.o ABSOLUTE
    _printf_return_value                     0x00000000   Number         0  printf_stubs.o ABSOLUTE
    _printf_sizespec                         0x00000000   Number         0  printf_stubs.o ABSOLUTE
    _printf_widthprec                        0x00000000   Number         0  printf_stubs.o ABSOLUTE
    __ARM_exceptions_init                     - Undefined Weak Reference
    __alloca_initialize                       - Undefined Weak Reference
    __arm_preinit_                            - Undefined Weak Reference
    __cpp_initialize__aeabi_                  - Undefined Weak Reference
    __cxa_finalize                            - Undefined Weak Reference
    __sigvec_lookup                           - Undefined Weak Reference
    _atexit_init                              - Undefined Weak Reference
    _call_atexit_fns                          - Undefined Weak Reference
    _clock_init                               - Undefined Weak Reference
    _fp_trap_init                             - Undefined Weak Reference
    _fp_trap_shutdown                         - Undefined Weak Reference
    _get_lc_collate                           - Undefined Weak Reference
    _get_lc_ctype                             - Undefined Weak Reference
    _get_lc_monetary                          - Undefined Weak Reference
    _get_lc_time                              - Undefined Weak Reference
    _getenv_init                              - Undefined Weak Reference
    _handle_redirection                       - Undefined Weak Reference
    _init_alloc                               - Undefined Weak Reference
    _init_user_alloc                          - Undefined Weak Reference
    _initio                                   - Undefined Weak Reference
    _printf_post_padding                      - Undefined Weak Reference
    _printf_pre_padding                       - Undefined Weak Reference
    _rand_init                                - Undefined Weak Reference
    _signal_finish                            - Undefined Weak Reference
    _signal_init                              - Undefined Weak Reference
    _terminate_alloc                          - Undefined Weak Reference
    _terminate_user_alloc                     - Undefined Weak Reference
    _terminateio                              - Undefined Weak Reference
    __Vectors_Size                           0x00000188   Number         0  startup_stm32f407xx.o ABSOLUTE
    __Vectors                                0x08000000   Data           4  startup_stm32f407xx.o(RESET)
    __Vectors_End                            0x08000188   Data           0  startup_stm32f407xx.o(RESET)
    __main                                   0x08000189   Thumb Code     8  __main.o(!!!main)
    __scatterload                            0x08000191   Thumb Code     0  __scatter.o(!!!scatter)
    __scatterload_rt2                        0x08000191   Thumb Code    44  __scatter.o(!!!scatter)
    __scatterload_rt2_thumb_only             0x08000191   Thumb Code     0  __scatter.o(!!!scatter)
    __scatterload_null                       0x0800019f   Thumb Code     0  __scatter.o(!!!scatter)
    __scatterload_copy                       0x080001c5   Thumb Code    26  __scatter_copy.o(!!handler_copy)
    __scatterload_zeroinit                   0x080001e1   Thumb Code    28  __scatter_zi.o(!!handler_zi)
    _printf_f                                0x080001fd   Thumb Code     0  _printf_f.o(.ARM.Collect$$_printf_percent$$00000003)
    _printf_percent                          0x080001fd   Thumb Code     0  _printf_percent.o(.ARM.Collect$$_printf_percent$$00000000)
    _printf_percent_end                      0x08000203   Thumb Code     0  _printf_percent_end.o(.ARM.Collect$$_printf_percent$$00000017)
    __rt_lib_init                            0x08000207   Thumb Code     0  libinit.o(.ARM.Collect$$libinit$$00000000)
    __rt_lib_init_fp_1                       0x08000209   Thumb Code     0  libinit2.o(.ARM.Collect$$libinit$$00000001)
    __rt_lib_init_heap_1                     0x0800020d   Thumb Code     0  libinit2.o(.ARM.Collect$$libinit$$0000000A)
    __rt_lib_init_lc_common                  0x0800020d   Thumb Code     0  libinit2.o(.ARM.Collect$$libinit$$0000000F)
    __rt_lib_init_preinit_1                  0x0800020d   Thumb Code     0  libinit2.o(.ARM.Collect$$libinit$$00000004)
    __rt_lib_init_rand_1                     0x0800020d   Thumb Code     0  libinit2.o(.ARM.Collect$$libinit$$0000000E)
    __rt_lib_init_user_alloc_1               0x0800020d   Thumb Code     0  libinit2.o(.ARM.Collect$$libinit$$0000000C)
    __rt_lib_init_lc_collate_1               0x08000213   Thumb Code     0  libinit2.o(.ARM.Collect$$libinit$$00000011)
    __rt_lib_init_lc_ctype_1                 0x08000213   Thumb Code     0  libinit2.o(.ARM.Collect$$libinit$$00000013)
    __rt_lib_init_lc_monetary_1              0x08000213   Thumb Code     0  libinit2.o(.ARM.Collect$$libinit$$00000015)
    __rt_lib_init_lc_numeric_2               0x08000213   Thumb Code     0  libinit2.o(.ARM.Collect$$libinit$$00000016)
    __rt_lib_init_alloca_1                   0x0800021d   Thumb Code     0  libinit2.o(.ARM.Collect$$libinit$$0000002E)
    __rt_lib_init_argv_1                     0x0800021d   Thumb Code     0  libinit2.o(.ARM.Collect$$libinit$$0000002C)
    __rt_lib_init_atexit_1                   0x0800021d   Thumb Code     0  libinit2.o(.ARM.Collect$$libinit$$0000001B)
    __rt_lib_init_clock_1                    0x0800021d   Thumb Code     0  libinit2.o(.ARM.Collect$$libinit$$00000021)
    __rt_lib_init_cpp_1                      0x0800021d   Thumb Code     0  libinit2.o(.ARM.Collect$$libinit$$00000032)
    __rt_lib_init_exceptions_1               0x0800021d   Thumb Code     0  libinit2.o(.ARM.Collect$$libinit$$00000030)
    __rt_lib_init_fp_trap_1                  0x0800021d   Thumb Code     0  libinit2.o(.ARM.Collect$$libinit$$0000001F)
    __rt_lib_init_getenv_1                   0x0800021d   Thumb Code     0  libinit2.o(.ARM.Collect$$libinit$$00000023)
    __rt_lib_init_lc_numeric_1               0x0800021d   Thumb Code     0  libinit2.o(.ARM.Collect$$libinit$$00000017)
    __rt_lib_init_lc_time_1                  0x0800021d   Thumb Code     0  libinit2.o(.ARM.Collect$$libinit$$00000019)
    __rt_lib_init_return                     0x0800021d   Thumb Code     0  libinit2.o(.ARM.Collect$$libinit$$00000033)
    __rt_lib_init_signal_1                   0x0800021d   Thumb Code     0  libinit2.o(.ARM.Collect$$libinit$$0000001D)
    __rt_lib_init_stdio_1                    0x0800021d   Thumb Code     0  libinit2.o(.ARM.Collect$$libinit$$00000025)
    __rt_lib_shutdown                        0x0800021f   Thumb Code     0  libshutdown.o(.ARM.Collect$$libshutdown$$00000000)
    __rt_lib_shutdown_cpp_1                  0x08000221   Thumb Code     0  libshutdown2.o(.ARM.Collect$$libshutdown$$00000002)
    __rt_lib_shutdown_fp_trap_1              0x08000221   Thumb Code     0  libshutdown2.o(.ARM.Collect$$libshutdown$$00000007)
    __rt_lib_shutdown_heap_1                 0x08000221   Thumb Code     0  libshutdown2.o(.ARM.Collect$$libshutdown$$0000000F)
    __rt_lib_shutdown_return                 0x08000221   Thumb Code     0  libshutdown2.o(.ARM.Collect$$libshutdown$$00000010)
    __rt_lib_shutdown_signal_1               0x08000221   Thumb Code     0  libshutdown2.o(.ARM.Collect$$libshutdown$$0000000A)
    __rt_lib_shutdown_stdio_1                0x08000221   Thumb Code     0  libshutdown2.o(.ARM.Collect$$libshutdown$$00000004)
    __rt_lib_shutdown_user_alloc_1           0x08000221   Thumb Code     0  libshutdown2.o(.ARM.Collect$$libshutdown$$0000000C)
    __rt_entry                               0x08000223   Thumb Code     0  __rtentry.o(.ARM.Collect$$rtentry$$00000000)
    __rt_entry_presh_1                       0x08000223   Thumb Code     0  __rtentry2.o(.ARM.Collect$$rtentry$$00000002)
    __rt_entry_sh                            0x08000223   Thumb Code     0  __rtentry4.o(.ARM.Collect$$rtentry$$00000004)
    __rt_entry_li                            0x08000229   Thumb Code     0  __rtentry2.o(.ARM.Collect$$rtentry$$0000000A)
    __rt_entry_postsh_1                      0x08000229   Thumb Code     0  __rtentry2.o(.ARM.Collect$$rtentry$$00000009)
    __rt_entry_main                          0x0800022d   Thumb Code     0  __rtentry2.o(.ARM.Collect$$rtentry$$0000000D)
    __rt_entry_postli_1                      0x0800022d   Thumb Code     0  __rtentry2.o(.ARM.Collect$$rtentry$$0000000C)
    __rt_exit                                0x08000235   Thumb Code     0  rtexit.o(.ARM.Collect$$rtexit$$00000000)
    __rt_exit_ls                             0x08000237   Thumb Code     0  rtexit2.o(.ARM.Collect$$rtexit$$00000003)
    __rt_exit_prels_1                        0x08000237   Thumb Code     0  rtexit2.o(.ARM.Collect$$rtexit$$00000002)
    __rt_exit_exit                           0x0800023b   Thumb Code     0  rtexit2.o(.ARM.Collect$$rtexit$$00000004)
    Reset_Handler                            0x08000241   Thumb Code     8  startup_stm32f407xx.o(.text)
    NMI_Handler                              0x08000249   Thumb Code     2  startup_stm32f407xx.o(.text)
    HardFault_Handler                        0x0800024b   Thumb Code     2  startup_stm32f407xx.o(.text)
    MemManage_Handler                        0x0800024d   Thumb Code     2  startup_stm32f407xx.o(.text)
    BusFault_Handler                         0x0800024f   Thumb Code     2  startup_stm32f407xx.o(.text)
    UsageFault_Handler                       0x08000251   Thumb Code     2  startup_stm32f407xx.o(.text)
    SVC_Handler                              0x08000253   Thumb Code     2  startup_stm32f407xx.o(.text)
    DebugMon_Handler                         0x08000255   Thumb Code     2  startup_stm32f407xx.o(.text)
    PendSV_Handler                           0x08000257   Thumb Code     2  startup_stm32f407xx.o(.text)
    SysTick_Handler                          0x08000259   Thumb Code     2  startup_stm32f407xx.o(.text)
    ADC_IRQHandler                           0x0800025b   Thumb Code     0  startup_stm32f407xx.o(.text)
    CAN1_RX0_IRQHandler                      0x0800025b   Thumb Code     0  startup_stm32f407xx.o(.text)
    CAN1_RX1_IRQHandler                      0x0800025b   Thumb Code     0  startup_stm32f407xx.o(.text)
    CAN1_SCE_IRQHandler                      0x0800025b   Thumb Code     0  startup_stm32f407xx.o(.text)
    CAN1_TX_IRQHandler                       0x0800025b   Thumb Code     0  startup_stm32f407xx.o(.text)
    CAN2_RX0_IRQHandler                      0x0800025b   Thumb Code     0  startup_stm32f407xx.o(.text)
    CAN2_RX1_IRQHandler                      0x0800025b   Thumb Code     0  startup_stm32f407xx.o(.text)
    CAN2_SCE_IRQHandler                      0x0800025b   Thumb Code     0  startup_stm32f407xx.o(.text)
    CAN2_TX_IRQHandler                       0x0800025b   Thumb Code     0  startup_stm32f407xx.o(.text)
    DCMI_IRQHandler                          0x0800025b   Thumb Code     0  startup_stm32f407xx.o(.text)
    DMA1_Stream0_IRQHandler                  0x0800025b   Thumb Code     0  startup_stm32f407xx.o(.text)
    DMA1_Stream1_IRQHandler                  0x0800025b   Thumb Code     0  startup_stm32f407xx.o(.text)
    DMA1_Stream2_IRQHandler                  0x0800025b   Thumb Code     0  startup_stm32f407xx.o(.text)
    DMA1_Stream3_IRQHandler                  0x0800025b   Thumb Code     0  startup_stm32f407xx.o(.text)
    DMA1_Stream4_IRQHandler                  0x0800025b   Thumb Code     0  startup_stm32f407xx.o(.text)
    DMA1_Stream5_IRQHandler                  0x0800025b   Thumb Code     0  startup_stm32f407xx.o(.text)
    DMA1_Stream6_IRQHandler                  0x0800025b   Thumb Code     0  startup_stm32f407xx.o(.text)
    DMA1_Stream7_IRQHandler                  0x0800025b   Thumb Code     0  startup_stm32f407xx.o(.text)
    DMA2_Stream0_IRQHandler                  0x0800025b   Thumb Code     0  startup_stm32f407xx.o(.text)
    DMA2_Stream1_IRQHandler                  0x0800025b   Thumb Code     0  startup_stm32f407xx.o(.text)
    DMA2_Stream2_IRQHandler                  0x0800025b   Thumb Code     0  startup_stm32f407xx.o(.text)
    DMA2_Stream3_IRQHandler                  0x0800025b   Thumb Code     0  startup_stm32f407xx.o(.text)
    DMA2_Stream4_IRQHandler                  0x0800025b   Thumb Code     0  startup_stm32f407xx.o(.text)
    DMA2_Stream5_IRQHandler                  0x0800025b   Thumb Code     0  startup_stm32f407xx.o(.text)
    DMA2_Stream6_IRQHandler                  0x0800025b   Thumb Code     0  startup_stm32f407xx.o(.text)
    DMA2_Stream7_IRQHandler                  0x0800025b   Thumb Code     0  startup_stm32f407xx.o(.text)
    ETH_IRQHandler                           0x0800025b   Thumb Code     0  startup_stm32f407xx.o(.text)
    ETH_WKUP_IRQHandler                      0x0800025b   Thumb Code     0  startup_stm32f407xx.o(.text)
    EXTI0_IRQHandler                         0x0800025b   Thumb Code     0  startup_stm32f407xx.o(.text)
    EXTI15_10_IRQHandler                     0x0800025b   Thumb Code     0  startup_stm32f407xx.o(.text)
    EXTI1_IRQHandler                         0x0800025b   Thumb Code     0  startup_stm32f407xx.o(.text)
    EXTI2_IRQHandler                         0x0800025b   Thumb Code     0  startup_stm32f407xx.o(.text)
    EXTI3_IRQHandler                         0x0800025b   Thumb Code     0  startup_stm32f407xx.o(.text)
    EXTI4_IRQHandler                         0x0800025b   Thumb Code     0  startup_stm32f407xx.o(.text)
    EXTI9_5_IRQHandler                       0x0800025b   Thumb Code     0  startup_stm32f407xx.o(.text)
    FLASH_IRQHandler                         0x0800025b   Thumb Code     0  startup_stm32f407xx.o(.text)
    FMC_IRQHandler                           0x0800025b   Thumb Code     0  startup_stm32f407xx.o(.text)
    FPU_IRQHandler                           0x0800025b   Thumb Code     0  startup_stm32f407xx.o(.text)
    HASH_RNG_IRQHandler                      0x0800025b   Thumb Code     0  startup_stm32f407xx.o(.text)
    I2C1_ER_IRQHandler                       0x0800025b   Thumb Code     0  startup_stm32f407xx.o(.text)
    I2C1_EV_IRQHandler                       0x0800025b   Thumb Code     0  startup_stm32f407xx.o(.text)
    I2C2_ER_IRQHandler                       0x0800025b   Thumb Code     0  startup_stm32f407xx.o(.text)
    I2C2_EV_IRQHandler                       0x0800025b   Thumb Code     0  startup_stm32f407xx.o(.text)
    I2C3_ER_IRQHandler                       0x0800025b   Thumb Code     0  startup_stm32f407xx.o(.text)
    I2C3_EV_IRQHandler                       0x0800025b   Thumb Code     0  startup_stm32f407xx.o(.text)
    OTG_FS_IRQHandler                        0x0800025b   Thumb Code     0  startup_stm32f407xx.o(.text)
    OTG_FS_WKUP_IRQHandler                   0x0800025b   Thumb Code     0  startup_stm32f407xx.o(.text)
    OTG_HS_EP1_IN_IRQHandler                 0x0800025b   Thumb Code     0  startup_stm32f407xx.o(.text)
    OTG_HS_EP1_OUT_IRQHandler                0x0800025b   Thumb Code     0  startup_stm32f407xx.o(.text)
    OTG_HS_IRQHandler                        0x0800025b   Thumb Code     0  startup_stm32f407xx.o(.text)
    OTG_HS_WKUP_IRQHandler                   0x0800025b   Thumb Code     0  startup_stm32f407xx.o(.text)
    PVD_IRQHandler                           0x0800025b   Thumb Code     0  startup_stm32f407xx.o(.text)
    RCC_IRQHandler                           0x0800025b   Thumb Code     0  startup_stm32f407xx.o(.text)
    RTC_Alarm_IRQHandler                     0x0800025b   Thumb Code     0  startup_stm32f407xx.o(.text)
    RTC_WKUP_IRQHandler                      0x0800025b   Thumb Code     0  startup_stm32f407xx.o(.text)
    SDIO_IRQHandler                          0x0800025b   Thumb Code     0  startup_stm32f407xx.o(.text)
    SPI1_IRQHandler                          0x0800025b   Thumb Code     0  startup_stm32f407xx.o(.text)
    SPI2_IRQHandler                          0x0800025b   Thumb Code     0  startup_stm32f407xx.o(.text)
    SPI3_IRQHandler                          0x0800025b   Thumb Code     0  startup_stm32f407xx.o(.text)
    TAMP_STAMP_IRQHandler                    0x0800025b   Thumb Code     0  startup_stm32f407xx.o(.text)
    TIM1_BRK_TIM9_IRQHandler                 0x0800025b   Thumb Code     0  startup_stm32f407xx.o(.text)
    TIM1_CC_IRQHandler                       0x0800025b   Thumb Code     0  startup_stm32f407xx.o(.text)
    TIM1_TRG_COM_TIM11_IRQHandler            0x0800025b   Thumb Code     0  startup_stm32f407xx.o(.text)
    TIM1_UP_TIM10_IRQHandler                 0x0800025b   Thumb Code     0  startup_stm32f407xx.o(.text)
    TIM2_IRQHandler                          0x0800025b   Thumb Code     0  startup_stm32f407xx.o(.text)
    TIM3_IRQHandler                          0x0800025b   Thumb Code     0  startup_stm32f407xx.o(.text)
    TIM4_IRQHandler                          0x0800025b   Thumb Code     0  startup_stm32f407xx.o(.text)
    TIM5_IRQHandler                          0x0800025b   Thumb Code     0  startup_stm32f407xx.o(.text)
    TIM6_DAC_IRQHandler                      0x0800025b   Thumb Code     0  startup_stm32f407xx.o(.text)
    TIM7_IRQHandler                          0x0800025b   Thumb Code     0  startup_stm32f407xx.o(.text)
    TIM8_BRK_TIM12_IRQHandler                0x0800025b   Thumb Code     0  startup_stm32f407xx.o(.text)
    TIM8_CC_IRQHandler                       0x0800025b   Thumb Code     0  startup_stm32f407xx.o(.text)
    TIM8_TRG_COM_TIM14_IRQHandler            0x0800025b   Thumb Code     0  startup_stm32f407xx.o(.text)
    TIM8_UP_TIM13_IRQHandler                 0x0800025b   Thumb Code     0  startup_stm32f407xx.o(.text)
    UART4_IRQHandler                         0x0800025b   Thumb Code     0  startup_stm32f407xx.o(.text)
    UART5_IRQHandler                         0x0800025b   Thumb Code     0  startup_stm32f407xx.o(.text)
    USART1_IRQHandler                        0x0800025b   Thumb Code     0  startup_stm32f407xx.o(.text)
    USART2_IRQHandler                        0x0800025b   Thumb Code     0  startup_stm32f407xx.o(.text)
    USART3_IRQHandler                        0x0800025b   Thumb Code     0  startup_stm32f407xx.o(.text)
    USART6_IRQHandler                        0x0800025b   Thumb Code     0  startup_stm32f407xx.o(.text)
    WWDG_IRQHandler                          0x0800025b   Thumb Code     0  startup_stm32f407xx.o(.text)
    __user_initial_stackheap                 0x0800025d   Thumb Code     0  startup_stm32f407xx.o(.text)
    __2sprintf                               0x08000281   Thumb Code    34  noretval__2sprintf.o(.text)
    __printf                                 0x080002a9   Thumb Code   270  __printf_wp.o(.text)
    __use_two_region_memory                  0x080003b7   Thumb Code     2  heapauxi.o(.text)
    __rt_heap_escrow$2region                 0x080003b9   Thumb Code     2  heapauxi.o(.text)
    __rt_heap_expand$2region                 0x080003bb   Thumb Code     2  heapauxi.o(.text)
    __lib_sel_fp_printf                      0x080003bd   Thumb Code     2  _printf_fp_dec.o(.text)
    _printf_fp_dec_real                      0x0800056f   Thumb Code   620  _printf_fp_dec.o(.text)
    _printf_char_common                      0x080007e7   Thumb Code    32  _printf_char_common.o(.text)
    _sputc                                   0x0800080d   Thumb Code    10  _sputc.o(.text)
    __rt_locale                              0x08000819   Thumb Code     8  rt_locale_intlibspace.o(.text)
    _ll_udiv10                               0x08000821   Thumb Code   138  lludiv10.o(.text)
    _printf_fp_infnan                        0x080008ad   Thumb Code   112  _printf_fp_infnan.o(.text)
    _btod_etento                             0x0800092d   Thumb Code   224  bigflt0.o(.text)
    __user_libspace                          0x08000a11   Thumb Code     8  libspace.o(.text)
    __user_perproc_libspace                  0x08000a11   Thumb Code     0  libspace.o(.text)
    __user_perthread_libspace                0x08000a11   Thumb Code     0  libspace.o(.text)
    __user_setup_stackheap                   0x08000a19   Thumb Code    74  sys_stackheap_outer.o(.text)
    exit                                     0x08000a63   Thumb Code    18  exit.o(.text)
    strcmp                                   0x08000a75   Thumb Code   128  strcmpv7m.o(.text)
    _sys_exit                                0x08000af5   Thumb Code     8  sys_exit.o(.text)
    __I$use$semihosting                      0x08000b01   Thumb Code     0  use_no_semi.o(.text)
    __use_no_semihosting_swi                 0x08000b01   Thumb Code     2  use_no_semi.o(.text)
    __semihosting_library_function           0x08000b03   Thumb Code     0  indicate_semi.o(.text)
    _btod_d2e                                0x08000b03   Thumb Code    62  btod.o(CL$$btod_d2e)
    _d2e_denorm_low                          0x08000b41   Thumb Code    70  btod.o(CL$$btod_d2e_denorm_low)
    _d2e_norm_op1                            0x08000b87   Thumb Code    96  btod.o(CL$$btod_d2e_norm_op1)
    __btod_div_common                        0x08000be7   Thumb Code   696  btod.o(CL$$btod_div_common)
    _e2e                                     0x08000f1f   Thumb Code   220  btod.o(CL$$btod_e2e)
    _btod_ediv                               0x08000ffb   Thumb Code    42  btod.o(CL$$btod_ediv)
    _btod_emul                               0x08001025   Thumb Code    42  btod.o(CL$$btod_emul)
    __btod_mult_common                       0x0800104f   Thumb Code   580  btod.o(CL$$btod_mult_common)
    GPIO_init                                0x08001295   Thumb Code    44  liquidcrystal.o(i.GPIO_init)
    LCD_Disp                                 0x080012cd   Thumb Code    28  liquidcrystal.o(i.LCD_Disp)
    LCD_init                                 0x080012e9   Thumb Code    80  liquidcrystal.o(i.LCD_init)
    MPU9250_accelGet                         0x08001339   Thumb Code    98  mpu9250.o(i.MPU9250_accelGet)
    MPU9250_accelUpdate                      0x080013ad   Thumb Code    76  mpu9250.o(i.MPU9250_accelUpdate)
    MPU9250_accelX                           0x080013fd   Thumb Code    12  mpu9250.o(i.MPU9250_accelX)
    MPU9250_accelY                           0x08001409   Thumb Code    12  mpu9250.o(i.MPU9250_accelY)
    MPU9250_accelZ                           0x08001415   Thumb Code    12  mpu9250.o(i.MPU9250_accelZ)
    MPU9250_beginAccel                       0x08001421   Thumb Code    92  mpu9250.o(i.MPU9250_beginAccel)
    MPU9250_beginGyro                        0x080014a1   Thumb Code    92  mpu9250.o(i.MPU9250_beginGyro)
    MPU9250_beginMag                         0x08001521   Thumb Code    36  mpu9250.o(i.MPU9250_beginMag)
    MPU9250_gyroGet                          0x08001545   Thumb Code    98  mpu9250.o(i.MPU9250_gyroGet)
    MPU9250_gyroUpdate                       0x080015b9   Thumb Code    76  mpu9250.o(i.MPU9250_gyroUpdate)
    MPU9250_gyroX                            0x08001609   Thumb Code    12  mpu9250.o(i.MPU9250_gyroX)
    MPU9250_gyroY                            0x08001615   Thumb Code    12  mpu9250.o(i.MPU9250_gyroY)
    MPU9250_gyroZ                            0x08001621   Thumb Code    12  mpu9250.o(i.MPU9250_gyroZ)
    MPU9250_magGet                           0x0800162d   Thumb Code    18  mpu9250.o(i.MPU9250_magGet)
    MPU9250_magHorizDirection                0x08001645   Thumb Code   120  mpu9250.o(i.MPU9250_magHorizDirection)
    MPU9250_magUpdate                        0x080016cd   Thumb Code    88  mpu9250.o(i.MPU9250_magUpdate)
    MPU9250_magX                             0x08001729   Thumb Code    42  mpu9250.o(i.MPU9250_magX)
    MPU9250_magY                             0x0800175d   Thumb Code    42  mpu9250.o(i.MPU9250_magY)
    MPU9250_magZ                             0x08001791   Thumb Code    42  mpu9250.o(i.MPU9250_magZ)
    SystemInit                               0x080017c5   Thumb Code    82  system_stm32f4xx.o(i.SystemInit)
    __ARM_fpclassify                         0x08001829   Thumb Code    48  fpclassify.o(i.__ARM_fpclassify)
    __hardfp_atan                            0x08001859   Thumb Code   622  atan.o(i.__hardfp_atan)
    __hardfp_atan2                           0x08001b31   Thumb Code   432  atan2.o(i.__hardfp_atan2)
    __kernel_poly                            0x08001d21   Thumb Code   248  poly.o(i.__kernel_poly)
    __mathlib_dbl_infnan                     0x08001e19   Thumb Code    20  dunder.o(i.__mathlib_dbl_infnan)
    __mathlib_dbl_infnan2                    0x08001e2d   Thumb Code    20  dunder.o(i.__mathlib_dbl_infnan2)
    __mathlib_dbl_underflow                  0x08001e41   Thumb Code    24  dunder.o(i.__mathlib_dbl_underflow)
    _is_digit                                0x08001e61   Thumb Code    14  __printf_wp.o(i._is_digit)
    adjustMagValue                           0x08001e71   Thumb Code   134  mpu9250.o(i.adjustMagValue)
    atan                                     0x08001f15   Thumb Code    16  atan.o(i.atan)
    delay                                    0x08001f25   Thumb Code    54  delay.o(i.delay)
    fabs                                     0x08001f5b   Thumb Code    24  fabs.o(i.fabs)
    i2c_init                                 0x08001f75   Thumb Code   124  i2c.o(i.i2c_init)
    i2c_readByte                             0x08001ffd   Thumb Code   240  i2c.o(i.i2c_readByte)
    i2c_writeByte                            0x080020f1   Thumb Code   156  i2c.o(i.i2c_writeByte)
    lcd_clear                                0x08002191   Thumb Code    16  liquidcrystal.o(i.lcd_clear)
    lcd_com                                  0x080021a1   Thumb Code    44  liquidcrystal.o(i.lcd_com)
    lcd_data                                 0x080021cd   Thumb Code    26  liquidcrystal.o(i.lcd_data)
    lcd_nibble_write                         0x080021e9   Thumb Code    74  liquidcrystal.o(i.lcd_nibble_write)
    magEnableSlaveMode                       0x0800223d   Thumb Code    42  mpu9250.o(i.magEnableSlaveMode)
    magReadAdjustValues                      0x08002269   Thumb Code    74  mpu9250.o(i.magReadAdjustValues)
    magSetMode                               0x080022c1   Thumb Code    22  mpu9250.o(i.magSetMode)
    magWakeup                                0x080022d7   Thumb Code    42  mpu9250.o(i.magWakeup)
    main                                     0x08002301   Thumb Code   746  main.o(i.main)
    setCursor                                0x08002695   Thumb Code    76  liquidcrystal.o(i.setCursor)
    _get_lc_numeric                          0x080026e1   Thumb Code    44  lc_numeric_c.o(locale$$code)
    __aeabi_dneg                             0x0800270d   Thumb Code     0  basic.o(x$fpl$basic)
    _dneg                                    0x0800270d   Thumb Code     6  basic.o(x$fpl$basic)
    __aeabi_fneg                             0x08002713   Thumb Code     0  basic.o(x$fpl$basic)
    _fneg                                    0x08002713   Thumb Code     6  basic.o(x$fpl$basic)
    _dabs                                    0x08002719   Thumb Code     6  basic.o(x$fpl$basic)
    _fabs                                    0x0800271f   Thumb Code     6  basic.o(x$fpl$basic)
    __aeabi_d2f                              0x08002725   Thumb Code     0  d2f.o(x$fpl$d2f)
    _d2f                                     0x08002725   Thumb Code    98  d2f.o(x$fpl$d2f)
    __aeabi_dadd                             0x08002789   Thumb Code     0  daddsub_clz.o(x$fpl$dadd)
    _dadd                                    0x08002789   Thumb Code   332  daddsub_clz.o(x$fpl$dadd)
    __aeabi_ddiv                             0x080028d9   Thumb Code     0  ddiv.o(x$fpl$ddiv)
    _ddiv                                    0x080028d9   Thumb Code   552  ddiv.o(x$fpl$ddiv)
    __aeabi_dmul                             0x08002b89   Thumb Code     0  dmul.o(x$fpl$dmul)
    _dmul                                    0x08002b89   Thumb Code   332  dmul.o(x$fpl$dmul)
    __fpl_dnaninf                            0x08002cdd   Thumb Code   156  dnaninf.o(x$fpl$dnaninf)
    __fpl_dretinf                            0x08002d79   Thumb Code    12  dretinf.o(x$fpl$dretinf)
    __aeabi_drsub                            0x08002d85   Thumb Code     0  daddsub_clz.o(x$fpl$drsb)
    _drsb                                    0x08002d85   Thumb Code    22  daddsub_clz.o(x$fpl$drsb)
    __aeabi_dsub                             0x08002d9d   Thumb Code     0  daddsub_clz.o(x$fpl$dsub)
    _dsub                                    0x08002d9d   Thumb Code   464  daddsub_clz.o(x$fpl$dsub)
    __aeabi_f2d                              0x08002f71   Thumb Code     0  f2d.o(x$fpl$f2d)
    _f2d                                     0x08002f71   Thumb Code    86  f2d.o(x$fpl$f2d)
    __fpl_fnaninf                            0x08002fc7   Thumb Code   140  fnaninf.o(x$fpl$fnaninf)
    _fp_init                                 0x08003053   Thumb Code    10  fpinit.o(x$fpl$fpinit)
    __fplib_config_fpu_vfp                   0x0800305b   Thumb Code     0  fpinit.o(x$fpl$fpinit)
    __fplib_config_pureend_doubles           0x0800305b   Thumb Code     0  fpinit.o(x$fpl$fpinit)
    __fpl_fretinf                            0x0800305d   Thumb Code    10  fretinf.o(x$fpl$fretinf)
    _printf_fp_dec                           0x08003067   Thumb Code     4  printf1.o(x$fpl$printf1)
    __I$use$fp                               0x0800306a   Number         0  usenofp.o(x$fpl$usenofp)
    __mathlib_zero                           0x08003108   Data           8  qnan.o(.constdata)
    Region$$Table$$Base                      0x080031a4   Number         0  anon$$obj.o(Region$$Table)
    Region$$Table$$Limit                     0x080031c4   Number         0  anon$$obj.o(Region$$Table)
    accx                                     0x20000000   Data           8  main.o(.data)
    accy                                     0x20000008   Data           8  main.o(.data)
    accz                                     0x20000010   Data           8  main.o(.data)
    gyrox                                    0x20000018   Data           8  main.o(.data)
    gyroy                                    0x20000020   Data           8  main.o(.data)
    gyroz                                    0x20000028   Data           8  main.o(.data)
    comx                                     0x20000030   Data           8  main.o(.data)
    comy                                     0x20000038   Data           8  main.o(.data)
    comz                                     0x20000040   Data           8  main.o(.data)
    dir                                      0x20000048   Data           8  main.o(.data)
    strax                                    0x20000050   Data           8  main.o(.data)
    stray                                    0x20000058   Data           8  main.o(.data)
    straz                                    0x20000060   Data           8  main.o(.data)
    strgx                                    0x20000068   Data           8  main.o(.data)
    strgy                                    0x20000070   Data           4  main.o(.data)
    strgz                                    0x20000074   Data           8  main.o(.data)
    strcx                                    0x2000007c   Data           8  main.o(.data)
    strcy                                    0x20000084   Data           8  main.o(.data)
    strcz                                    0x2000008c   Data           8  main.o(.data)
    accelRange                               0x20000098   Data           8  mpu9250.o(.data)
    gyroRange                                0x200000a0   Data           8  mpu9250.o(.data)
    magBuf                                   0x200000a8   Data           7  mpu9250.o(.data)
    magXAdjust                               0x200000af   Data           1  mpu9250.o(.data)
    magYAdjust                               0x200000b0   Data           1  mpu9250.o(.data)
    magZAdjust                               0x200000b1   Data           1  mpu9250.o(.data)
    accelBuf                                 0x200000b2   Data           6  mpu9250.o(.data)
    gyroBuf                                  0x200000b8   Data           6  mpu9250.o(.data)
    i                                        0x200000c0   Data           4  mpu9250.o(.data)
    magXOffset                               0x200000c4   Data           2  mpu9250.o(.data)
    magYOffset                               0x200000c6   Data           2  mpu9250.o(.data)
    magZOffset                               0x200000c8   Data           2  mpu9250.o(.data)
    __libspace_start                         0x200000cc   Data          96  libspace.o(.bss)
    __temporary_stack_top$libspace           0x2000012c   Data           0  libspace.o(.bss)



==============================================================================

Memory Map of the image

  Image Entry point : 0x08000189

  Load Region LR_IROM1 (Base: 0x08000000, Size: 0x000032ac, Max: 0x00080000, ABSOLUTE)

    Execution Region ER_IROM1 (Exec base: 0x08000000, Load base: 0x08000000, Size: 0x000031e0, Max: 0x00080000, ABSOLUTE)

    Exec Addr    Load Addr    Size         Type   Attr      Idx    E Section Name        Object

    0x08000000   0x08000000   0x00000188   Data   RO          393    RESET               startup_stm32f407xx.o
    0x08000188   0x08000188   0x00000008   Code   RO          467  * !!!main             c_w.l(__main.o)
    0x08000190   0x08000190   0x00000034   Code   RO          809    !!!scatter          c_w.l(__scatter.o)
    0x080001c4   0x080001c4   0x0000001a   Code   RO          811    !!handler_copy      c_w.l(__scatter_copy.o)
    0x080001de   0x080001de   0x00000002   PAD
    0x080001e0   0x080001e0   0x0000001c   Code   RO          813    !!handler_zi        c_w.l(__scatter_zi.o)
    0x080001fc   0x080001fc   0x00000000   Code   RO          464    .ARM.Collect$$_printf_percent$$00000000  c_w.l(_printf_percent.o)
    0x080001fc   0x080001fc   0x00000006   Code   RO          463    .ARM.Collect$$_printf_percent$$00000003  c_w.l(_printf_f.o)
    0x08000202   0x08000202   0x00000004   Code   RO          534    .ARM.Collect$$_printf_percent$$00000017  c_w.l(_printf_percent_end.o)
    0x08000206   0x08000206   0x00000002   Code   RO          678    .ARM.Collect$$libinit$$00000000  c_w.l(libinit.o)
    0x08000208   0x08000208   0x00000004   Code   RO          679    .ARM.Collect$$libinit$$00000001  c_w.l(libinit2.o)
    0x0800020c   0x0800020c   0x00000000   Code   RO          682    .ARM.Collect$$libinit$$00000004  c_w.l(libinit2.o)
    0x0800020c   0x0800020c   0x00000000   Code   RO          685    .ARM.Collect$$libinit$$0000000A  c_w.l(libinit2.o)
    0x0800020c   0x0800020c   0x00000000   Code   RO          687    .ARM.Collect$$libinit$$0000000C  c_w.l(libinit2.o)
    0x0800020c   0x0800020c   0x00000000   Code   RO          689    .ARM.Collect$$libinit$$0000000E  c_w.l(libinit2.o)
    0x0800020c   0x0800020c   0x00000006   Code   RO          690    .ARM.Collect$$libinit$$0000000F  c_w.l(libinit2.o)
    0x08000212   0x08000212   0x00000000   Code   RO          692    .ARM.Collect$$libinit$$00000011  c_w.l(libinit2.o)
    0x08000212   0x08000212   0x00000000   Code   RO          694    .ARM.Collect$$libinit$$00000013  c_w.l(libinit2.o)
    0x08000212   0x08000212   0x00000000   Code   RO          696    .ARM.Collect$$libinit$$00000015  c_w.l(libinit2.o)
    0x08000212   0x08000212   0x0000000a   Code   RO          697    .ARM.Collect$$libinit$$00000016  c_w.l(libinit2.o)
    0x0800021c   0x0800021c   0x00000000   Code   RO          698    .ARM.Collect$$libinit$$00000017  c_w.l(libinit2.o)
    0x0800021c   0x0800021c   0x00000000   Code   RO          700    .ARM.Collect$$libinit$$00000019  c_w.l(libinit2.o)
    0x0800021c   0x0800021c   0x00000000   Code   RO          702    .ARM.Collect$$libinit$$0000001B  c_w.l(libinit2.o)
    0x0800021c   0x0800021c   0x00000000   Code   RO          704    .ARM.Collect$$libinit$$0000001D  c_w.l(libinit2.o)
    0x0800021c   0x0800021c   0x00000000   Code   RO          706    .ARM.Collect$$libinit$$0000001F  c_w.l(libinit2.o)
    0x0800021c   0x0800021c   0x00000000   Code   RO          708    .ARM.Collect$$libinit$$00000021  c_w.l(libinit2.o)
    0x0800021c   0x0800021c   0x00000000   Code   RO          710    .ARM.Collect$$libinit$$00000023  c_w.l(libinit2.o)
    0x0800021c   0x0800021c   0x00000000   Code   RO          712    .ARM.Collect$$libinit$$00000025  c_w.l(libinit2.o)
    0x0800021c   0x0800021c   0x00000000   Code   RO          716    .ARM.Collect$$libinit$$0000002C  c_w.l(libinit2.o)
    0x0800021c   0x0800021c   0x00000000   Code   RO          718    .ARM.Collect$$libinit$$0000002E  c_w.l(libinit2.o)
    0x0800021c   0x0800021c   0x00000000   Code   RO          720    .ARM.Collect$$libinit$$00000030  c_w.l(libinit2.o)
    0x0800021c   0x0800021c   0x00000000   Code   RO          722    .ARM.Collect$$libinit$$00000032  c_w.l(libinit2.o)
    0x0800021c   0x0800021c   0x00000002   Code   RO          723    .ARM.Collect$$libinit$$00000033  c_w.l(libinit2.o)
    0x0800021e   0x0800021e   0x00000002   Code   RO          757    .ARM.Collect$$libshutdown$$00000000  c_w.l(libshutdown.o)
    0x08000220   0x08000220   0x00000000   Code   RO          768    .ARM.Collect$$libshutdown$$00000002  c_w.l(libshutdown2.o)
    0x08000220   0x08000220   0x00000000   Code   RO          770    .ARM.Collect$$libshutdown$$00000004  c_w.l(libshutdown2.o)
    0x08000220   0x08000220   0x00000000   Code   RO          773    .ARM.Collect$$libshutdown$$00000007  c_w.l(libshutdown2.o)
    0x08000220   0x08000220   0x00000000   Code   RO          776    .ARM.Collect$$libshutdown$$0000000A  c_w.l(libshutdown2.o)
    0x08000220   0x08000220   0x00000000   Code   RO          778    .ARM.Collect$$libshutdown$$0000000C  c_w.l(libshutdown2.o)
    0x08000220   0x08000220   0x00000000   Code   RO          781    .ARM.Collect$$libshutdown$$0000000F  c_w.l(libshutdown2.o)
    0x08000220   0x08000220   0x00000002   Code   RO          782    .ARM.Collect$$libshutdown$$00000010  c_w.l(libshutdown2.o)
    0x08000222   0x08000222   0x00000000   Code   RO          525    .ARM.Collect$$rtentry$$00000000  c_w.l(__rtentry.o)
    0x08000222   0x08000222   0x00000000   Code   RO          600    .ARM.Collect$$rtentry$$00000002  c_w.l(__rtentry2.o)
    0x08000222   0x08000222   0x00000006   Code   RO          612    .ARM.Collect$$rtentry$$00000004  c_w.l(__rtentry4.o)
    0x08000228   0x08000228   0x00000000   Code   RO          602    .ARM.Collect$$rtentry$$00000009  c_w.l(__rtentry2.o)
    0x08000228   0x08000228   0x00000004   Code   RO          603    .ARM.Collect$$rtentry$$0000000A  c_w.l(__rtentry2.o)
    0x0800022c   0x0800022c   0x00000000   Code   RO          605    .ARM.Collect$$rtentry$$0000000C  c_w.l(__rtentry2.o)
    0x0800022c   0x0800022c   0x00000008   Code   RO          606    .ARM.Collect$$rtentry$$0000000D  c_w.l(__rtentry2.o)
    0x08000234   0x08000234   0x00000002   Code   RO          726    .ARM.Collect$$rtexit$$00000000  c_w.l(rtexit.o)
    0x08000236   0x08000236   0x00000000   Code   RO          735    .ARM.Collect$$rtexit$$00000002  c_w.l(rtexit2.o)
    0x08000236   0x08000236   0x00000004   Code   RO          736    .ARM.Collect$$rtexit$$00000003  c_w.l(rtexit2.o)
    0x0800023a   0x0800023a   0x00000006   Code   RO          737    .ARM.Collect$$rtexit$$00000004  c_w.l(rtexit2.o)
    0x08000240   0x08000240   0x00000040   Code   RO          394    .text               startup_stm32f407xx.o
    0x08000280   0x08000280   0x00000028   Code   RO          439    .text               c_w.l(noretval__2sprintf.o)
    0x080002a8   0x080002a8   0x0000010e   Code   RO          451    .text               c_w.l(__printf_wp.o)
    0x080003b6   0x080003b6   0x00000006   Code   RO          465    .text               c_w.l(heapauxi.o)
    0x080003bc   0x080003bc   0x0000041e   Code   RO          528    .text               c_w.l(_printf_fp_dec.o)
    0x080007da   0x080007da   0x00000002   PAD
    0x080007dc   0x080007dc   0x00000030   Code   RO          530    .text               c_w.l(_printf_char_common.o)
    0x0800080c   0x0800080c   0x0000000a   Code   RO          532    .text               c_w.l(_sputc.o)
    0x08000816   0x08000816   0x00000002   PAD
    0x08000818   0x08000818   0x00000008   Code   RO          617    .text               c_w.l(rt_locale_intlibspace.o)
    0x08000820   0x08000820   0x0000008a   Code   RO          624    .text               c_w.l(lludiv10.o)
    0x080008aa   0x080008aa   0x00000002   PAD
    0x080008ac   0x080008ac   0x00000080   Code   RO          626    .text               c_w.l(_printf_fp_infnan.o)
    0x0800092c   0x0800092c   0x000000e4   Code   RO          630    .text               c_w.l(bigflt0.o)
    0x08000a10   0x08000a10   0x00000008   Code   RO          664    .text               c_w.l(libspace.o)
    0x08000a18   0x08000a18   0x0000004a   Code   RO          667    .text               c_w.l(sys_stackheap_outer.o)
    0x08000a62   0x08000a62   0x00000012   Code   RO          669    .text               c_w.l(exit.o)
    0x08000a74   0x08000a74   0x00000080   Code   RO          671    .text               c_w.l(strcmpv7m.o)
    0x08000af4   0x08000af4   0x0000000c   Code   RO          747    .text               c_w.l(sys_exit.o)
    0x08000b00   0x08000b00   0x00000002   Code   RO          758    .text               c_w.l(use_no_semi.o)
    0x08000b02   0x08000b02   0x00000000   Code   RO          760    .text               c_w.l(indicate_semi.o)
    0x08000b02   0x08000b02   0x0000003e   Code   RO          633    CL$$btod_d2e        c_w.l(btod.o)
    0x08000b40   0x08000b40   0x00000046   Code   RO          635    CL$$btod_d2e_denorm_low  c_w.l(btod.o)
    0x08000b86   0x08000b86   0x00000060   Code   RO          634    CL$$btod_d2e_norm_op1  c_w.l(btod.o)
    0x08000be6   0x08000be6   0x00000338   Code   RO          643    CL$$btod_div_common  c_w.l(btod.o)
    0x08000f1e   0x08000f1e   0x000000dc   Code   RO          640    CL$$btod_e2e        c_w.l(btod.o)
    0x08000ffa   0x08000ffa   0x0000002a   Code   RO          637    CL$$btod_ediv       c_w.l(btod.o)
    0x08001024   0x08001024   0x0000002a   Code   RO          636    CL$$btod_emul       c_w.l(btod.o)
    0x0800104e   0x0800104e   0x00000244   Code   RO          642    CL$$btod_mult_common  c_w.l(btod.o)
    0x08001292   0x08001292   0x00000002   PAD
    0x08001294   0x08001294   0x00000038   Code   RO          121    i.GPIO_init         liquidcrystal.o
    0x080012cc   0x080012cc   0x0000001c   Code   RO          122    i.LCD_Disp          liquidcrystal.o
    0x080012e8   0x080012e8   0x00000050   Code   RO          123    i.LCD_init          liquidcrystal.o
    0x08001338   0x08001338   0x00000074   Code   RO          195    i.MPU9250_accelGet  mpu9250.o
    0x080013ac   0x080013ac   0x00000050   Code   RO          197    i.MPU9250_accelUpdate  mpu9250.o
    0x080013fc   0x080013fc   0x0000000c   Code   RO          198    i.MPU9250_accelX    mpu9250.o
    0x08001408   0x08001408   0x0000000c   Code   RO          199    i.MPU9250_accelY    mpu9250.o
    0x08001414   0x08001414   0x0000000c   Code   RO          200    i.MPU9250_accelZ    mpu9250.o
    0x08001420   0x08001420   0x00000080   Code   RO          201    i.MPU9250_beginAccel  mpu9250.o
    0x080014a0   0x080014a0   0x00000080   Code   RO          202    i.MPU9250_beginGyro  mpu9250.o
    0x08001520   0x08001520   0x00000024   Code   RO          203    i.MPU9250_beginMag  mpu9250.o
    0x08001544   0x08001544   0x00000074   Code   RO          204    i.MPU9250_gyroGet   mpu9250.o
    0x080015b8   0x080015b8   0x00000050   Code   RO          205    i.MPU9250_gyroUpdate  mpu9250.o
    0x08001608   0x08001608   0x0000000c   Code   RO          206    i.MPU9250_gyroX     mpu9250.o
    0x08001614   0x08001614   0x0000000c   Code   RO          207    i.MPU9250_gyroY     mpu9250.o
    0x08001620   0x08001620   0x0000000c   Code   RO          208    i.MPU9250_gyroZ     mpu9250.o
    0x0800162c   0x0800162c   0x00000018   Code   RO          209    i.MPU9250_magGet    mpu9250.o
    0x08001644   0x08001644   0x00000088   Code   RO          210    i.MPU9250_magHorizDirection  mpu9250.o
    0x080016cc   0x080016cc   0x0000005c   Code   RO          211    i.MPU9250_magUpdate  mpu9250.o
    0x08001728   0x08001728   0x00000034   Code   RO          212    i.MPU9250_magX      mpu9250.o
    0x0800175c   0x0800175c   0x00000034   Code   RO          213    i.MPU9250_magY      mpu9250.o
    0x08001790   0x08001790   0x00000034   Code   RO          214    i.MPU9250_magZ      mpu9250.o
    0x080017c4   0x080017c4   0x00000064   Code   RO          402    i.SystemInit        system_stm32f4xx.o
    0x08001828   0x08001828   0x00000030   Code   RO          594    i.__ARM_fpclassify  m_wm.l(fpclassify.o)
    0x08001858   0x08001858   0x000002d8   Code   RO          560    i.__hardfp_atan     m_wm.l(atan.o)
    0x08001b30   0x08001b30   0x000001f0   Code   RO          487    i.__hardfp_atan2    m_wm.l(atan2.o)
    0x08001d20   0x08001d20   0x000000f8   Code   RO          596    i.__kernel_poly     m_wm.l(poly.o)
    0x08001e18   0x08001e18   0x00000014   Code   RO          575    i.__mathlib_dbl_infnan  m_wm.l(dunder.o)
    0x08001e2c   0x08001e2c   0x00000014   Code   RO          576    i.__mathlib_dbl_infnan2  m_wm.l(dunder.o)
    0x08001e40   0x08001e40   0x00000020   Code   RO          580    i.__mathlib_dbl_underflow  m_wm.l(dunder.o)
    0x08001e60   0x08001e60   0x0000000e   Code   RO          453    i._is_digit         c_w.l(__printf_wp.o)
    0x08001e6e   0x08001e6e   0x00000002   PAD
    0x08001e70   0x08001e70   0x000000a4   Code   RO          215    i.adjustMagValue    mpu9250.o
    0x08001f14   0x08001f14   0x00000010   Code   RO          562    i.atan              m_wm.l(atan.o)
    0x08001f24   0x08001f24   0x00000036   Code   RO          370    i.delay             delay.o
    0x08001f5a   0x08001f5a   0x00000018   Code   RO          590    i.fabs              m_wm.l(fabs.o)
    0x08001f72   0x08001f72   0x00000002   PAD
    0x08001f74   0x08001f74   0x00000088   Code   RO           80    i.i2c_init          i2c.o
    0x08001ffc   0x08001ffc   0x000000f4   Code   RO           81    i.i2c_readByte      i2c.o
    0x080020f0   0x080020f0   0x000000a0   Code   RO           82    i.i2c_writeByte     i2c.o
    0x08002190   0x08002190   0x00000010   Code   RO          124    i.lcd_clear         liquidcrystal.o
    0x080021a0   0x080021a0   0x0000002c   Code   RO          125    i.lcd_com           liquidcrystal.o
    0x080021cc   0x080021cc   0x0000001a   Code   RO          126    i.lcd_data          liquidcrystal.o
    0x080021e6   0x080021e6   0x00000002   PAD
    0x080021e8   0x080021e8   0x00000054   Code   RO          127    i.lcd_nibble_write  liquidcrystal.o
    0x0800223c   0x0800223c   0x0000002a   Code   RO          216    i.magEnableSlaveMode  mpu9250.o
    0x08002266   0x08002266   0x00000002   PAD
    0x08002268   0x08002268   0x00000058   Code   RO          217    i.magReadAdjustValues  mpu9250.o
    0x080022c0   0x080022c0   0x00000016   Code   RO          218    i.magSetMode        mpu9250.o
    0x080022d6   0x080022d6   0x0000002a   Code   RO          219    i.magWakeup         mpu9250.o
    0x08002300   0x08002300   0x00000394   Code   RO            4    i.main              main.o
    0x08002694   0x08002694   0x0000004c   Code   RO          128    i.setCursor         liquidcrystal.o
    0x080026e0   0x080026e0   0x0000002c   Code   RO          656    locale$$code        c_w.l(lc_numeric_c.o)
    0x0800270c   0x0800270c   0x00000018   Code   RO          535    x$fpl$basic         fz_wm.l(basic.o)
    0x08002724   0x08002724   0x00000062   Code   RO          469    x$fpl$d2f           fz_wm.l(d2f.o)
    0x08002786   0x08002786   0x00000002   PAD
    0x08002788   0x08002788   0x00000150   Code   RO          471    x$fpl$dadd          fz_wm.l(daddsub_clz.o)
    0x080028d8   0x080028d8   0x000002b0   Code   RO          478    x$fpl$ddiv          fz_wm.l(ddiv.o)
    0x08002b88   0x08002b88   0x00000154   Code   RO          481    x$fpl$dmul          fz_wm.l(dmul.o)
    0x08002cdc   0x08002cdc   0x0000009c   Code   RO          545    x$fpl$dnaninf       fz_wm.l(dnaninf.o)
    0x08002d78   0x08002d78   0x0000000c   Code   RO          547    x$fpl$dretinf       fz_wm.l(dretinf.o)
    0x08002d84   0x08002d84   0x00000016   Code   RO          472    x$fpl$drsb          fz_wm.l(daddsub_clz.o)
    0x08002d9a   0x08002d9a   0x00000002   PAD
    0x08002d9c   0x08002d9c   0x000001d4   Code   RO          473    x$fpl$dsub          fz_wm.l(daddsub_clz.o)
    0x08002f70   0x08002f70   0x00000056   Code   RO          483    x$fpl$f2d           fz_wm.l(f2d.o)
    0x08002fc6   0x08002fc6   0x0000008c   Code   RO          553    x$fpl$fnaninf       fz_wm.l(fnaninf.o)
    0x08003052   0x08003052   0x0000000a   Code   RO          730    x$fpl$fpinit        fz_wm.l(fpinit.o)
    0x0800305c   0x0800305c   0x0000000a   Code   RO          555    x$fpl$fretinf       fz_wm.l(fretinf.o)
    0x08003066   0x08003066   0x00000004   Code   RO          485    x$fpl$printf1       fz_wm.l(printf1.o)
    0x0800306a   0x0800306a   0x00000000   Code   RO          559    x$fpl$usenofp       fz_wm.l(usenofp.o)
    0x0800306a   0x0800306a   0x00000006   PAD
    0x08003070   0x08003070   0x00000098   Data   RO          563    .constdata          m_wm.l(atan.o)
    0x08003108   0x08003108   0x00000008   Data   RO          598    .constdata          m_wm.l(qnan.o)
    0x08003110   0x08003110   0x00000094   Data   RO          631    .constdata          c_w.l(bigflt0.o)
    0x080031a4   0x080031a4   0x00000020   Data   RO          807    Region$$Table       anon$$obj.o
    0x080031c4   0x080031c4   0x0000001c   Data   RO          655    locale$$data        c_w.l(lc_numeric_c.o)


    Execution Region RW_IRAM1 (Exec base: 0x20000000, Load base: 0x080031e0, Size: 0x00000730, Max: 0x00020000, ABSOLUTE)

    Exec Addr    Load Addr    Size         Type   Attr      Idx    E Section Name        Object

    0x20000000   0x080031e0   0x00000094   Data   RW            5    .data               main.o
    0x20000094   0x08003274   0x00000004   PAD
    0x20000098   0x08003278   0x00000032   Data   RW          220    .data               mpu9250.o
    0x200000ca   0x080032aa   0x00000002   PAD
    0x200000cc        -       0x00000060   Zero   RW          665    .bss                c_w.l(libspace.o)
    0x2000012c   0x080032aa   0x00000004   PAD
    0x20000130        -       0x00000200   Zero   RW          392    HEAP                startup_stm32f407xx.o
    0x20000330        -       0x00000400   Zero   RW          391    STACK               startup_stm32f407xx.o


==============================================================================

Image component sizes


      Code (inc. data)   RO Data    RW Data    ZI Data      Debug   Object Name

        54          0          0          0          0        536   delay.o
       540         20          0          0          0       1846   i2c.o
       410         22          0          0          0       4302   liquidcrystal.o
       916        170          0        148          0       6587   main.o
      1522        216          0         50          0      14029   mpu9250.o
        64         26        392          0       1536        876   startup_stm32f407xx.o
       100         18          0          0          0        537   system_stm32f4xx.o

    ----------------------------------------------------------------------
      3610        472        424        204       1536      28713   Object Totals
         0          0         32          0          0          0   (incl. Generated)
         4          0          0          6          0          0   (incl. Padding)

    ----------------------------------------------------------------------

      Code (inc. data)   RO Data    RW Data    ZI Data      Debug   Library Member Name

         8          0          0          0          0         68   __main.o
       284          0          0          0          0        156   __printf_wp.o
         0          0          0          0          0          0   __rtentry.o
        12          0          0          0          0          0   __rtentry2.o
         6          0          0          0          0          0   __rtentry4.o
        52          8          0          0          0          0   __scatter.o
        26          0          0          0          0          0   __scatter_copy.o
        28          0          0          0          0          0   __scatter_zi.o
        48          6          0          0          0         96   _printf_char_common.o
         6          0          0          0          0          0   _printf_f.o
      1054          0          0          0          0        216   _printf_fp_dec.o
       128         16          0          0          0         84   _printf_fp_infnan.o
         0          0          0          0          0          0   _printf_percent.o
         4          0          0          0          0          0   _printf_percent_end.o
        10          0          0          0          0         68   _sputc.o
       228          4        148          0          0         96   bigflt0.o
      1936        128          0          0          0        672   btod.o
        18          0          0          0          0         80   exit.o
         6          0          0          0          0        152   heapauxi.o
         0          0          0          0          0          0   indicate_semi.o
        44         10         28          0          0         76   lc_numeric_c.o
         2          0          0          0          0          0   libinit.o
        22          0          0          0          0          0   libinit2.o
         2          0          0          0          0          0   libshutdown.o
         2          0          0          0          0          0   libshutdown2.o
         8          4          0          0         96         68   libspace.o
       138          0          0          0          0         80   lludiv10.o
        40          6          0          0          0         84   noretval__2sprintf.o
         8          4          0          0          0         68   rt_locale_intlibspace.o
         2          0          0          0          0          0   rtexit.o
        10          0          0          0          0          0   rtexit2.o
       128          0          0          0          0         68   strcmpv7m.o
        12          4          0          0          0         68   sys_exit.o
        74          0          0          0          0         80   sys_stackheap_outer.o
         2          0          0          0          0         68   use_no_semi.o
        24          0          0          0          0        164   basic.o
        98          4          0          0          0        140   d2f.o
       826         16          0          0          0        492   daddsub_clz.o
       688        140          0          0          0        256   ddiv.o
       340         12          0          0          0        152   dmul.o
       156          4          0          0          0        140   dnaninf.o
        12          0          0          0          0        116   dretinf.o
        86          4          0          0          0        132   f2d.o
       140          4          0          0          0        132   fnaninf.o
        10          0          0          0          0        116   fpinit.o
        10          0          0          0          0        116   fretinf.o
         4          0          0          0          0        116   printf1.o
         0          0          0          0          0          0   usenofp.o
       744        106        152          0          0        352   atan.o
       496         64          0          0          0        192   atan2.o
        72          8          0          0          0        372   dunder.o
        24          0          0          0          0        124   fabs.o
        48          0          0          0          0        124   fpclassify.o
       248          0          0          0          0        152   poly.o
         0          0          8          0          0          0   qnan.o

    ----------------------------------------------------------------------
      8398        552        336          0        100       5736   Library Totals
        24          0          0          0          4          0   (incl. Padding)

    ----------------------------------------------------------------------

      Code (inc. data)   RO Data    RW Data    ZI Data      Debug   Library Name

      4348        190        176          0         96       2348   c_w.l
      2394        184          0          0          0       2072   fz_wm.l
      1632        178        160          0          0       1316   m_wm.l

    ----------------------------------------------------------------------
      8398        552        336          0        100       5736   Library Totals

    ----------------------------------------------------------------------

==============================================================================


      Code (inc. data)   RO Data    RW Data    ZI Data      Debug   

     12008       1024        760        204       1636      27601   Grand Totals
     12008       1024        760        204       1636      27601   ELF Image Totals
     12008       1024        760        204          0          0   ROM Totals

==============================================================================

    Total RO  Size (Code + RO Data)                12768 (  12.47kB)
    Total RW  Size (RW Data + ZI Data)              1840 (   1.80kB)
    Total ROM Size (Code + RO Data + RW Data)      12972 (  12.67kB)

==============================================================================

